{
  "Entries": [
    {
      "RequestUri": "https://endpoint/routing/distributionPolicies/test-d-policy-recorded-d-policies?api-version=2023-11-01",
      "RequestMethod": "PATCH",
      "RequestHeaders": {
        "Accept": "application/json",
        "Accept-Encoding": "gzip,deflate",
        "Authorization": "Sanitized",
        "Connection": "keep-alive",
        "Content-Length": "157",
        "Content-Type": "application/merge-patch\u002Bjson",
        "User-Agent": "azsdk-js-communication-job-router-rest/1.0.0-beta.1 core-rest-pipeline/1.12.3 Node/v18.18.2 OS/(x64-Windows_NT-10.0.22621)",
        "x-ms-client-request-id": "a847d88a-0388-420d-b761-fec97c1d8583",
        "x-ms-content-sha256": "iRU4FoF\u002BSHDyek4I2mTj9UxqfsCodrYA4ivTcF4xVFQ=",
        "x-ms-date": "Mon, 06 Nov 2023 23:27:14 GMT"
      },
      "RequestBody": {
        "name": "test-d-policy",
        "offerExpiresAfterSeconds": 60,
        "mode": {
          "kind": "longest-idle",
          "minConcurrentOffers": 1,
          "maxConcurrentOffers": 5,
          "bypassSelectors": false
        }
      },
      "StatusCode": 200,
      "ResponseHeaders": {
        "api-supported-versions": "2021-04-07-preview1, 2022-07-18-preview, 2023-08-25-preview, 2023-11-01",
        "Content-Type": "application/json; charset=utf-8",
        "Date": "Mon, 06 Nov 2023 23:27:14 GMT",
        "ETag": "\u0022b2032cfe-0000-0700-0000-654573160000\u0022",
        "Last-Modified": "Fri, 03 Nov 2023 22:24:22 GMT",
        "Request-Context": "appId=",
        "trace-id": "de2ab557-82eb-bfa7-6b7c-9832ec15ee99",
        "Transfer-Encoding": "chunked",
        "X-Azure-Ref": "0UnZJZQAAAAAFbEmTlshVQZgBM2tPipQJV1NURURHRTAxMTUAOWZjN2I1MTktYThjYy00Zjg5LTkzNWUtYzkxNDhhZTA5ZTgx",
        "X-Cache": "CONFIG_NOCACHE"
      },
      "ResponseBody": {
        "id": "test-d-policy-recorded-d-policies",
        "name": "test-d-policy",
        "offerExpiresAfterSeconds": 60,
        "mode": {
          "kind": "longest-idle",
          "minConcurrentOffers": 1,
          "maxConcurrentOffers": 5,
          "bypassSelectors": false
        },
        "etag": "\u0022b2032cfe-0000-0700-0000-654573160000\u0022"
      }
    },
    {
      "RequestUri": "https://endpoint/routing/exceptionPolicies/test-e-policy-recorded-d-policies?api-version=2023-11-01",
      "RequestMethod": "PATCH",
      "RequestHeaders": {
        "Accept": "application/json",
        "Accept-Encoding": "gzip,deflate",
        "Authorization": "Sanitized",
        "Connection": "keep-alive",
        "Content-Length": "201",
        "Content-Type": "application/merge-patch\u002Bjson",
        "User-Agent": "azsdk-js-communication-job-router-rest/1.0.0-beta.1 core-rest-pipeline/1.12.3 Node/v18.18.2 OS/(x64-Windows_NT-10.0.22621)",
        "x-ms-client-request-id": "57fae389-8f37-4cd2-b8a5-ec2e22b409b8",
        "x-ms-content-sha256": "Cra0Om0ZqhFeDkbLieY\u002Bv\u002B7gXRaJ3OqYfEy3xRhld5Y=",
        "x-ms-date": "Mon, 06 Nov 2023 23:27:14 GMT"
      },
      "RequestBody": {
        "name": "test-e-policy",
        "exceptionRules": [
          {
            "id": "MaxWaitTimeExceededCancel",
            "actions": [
              {
                "kind": "cancel",
                "note": "wait time exceeded; cancelling"
              }
            ],
            "trigger": {
              "kind": "wait-time",
              "thresholdSeconds": 10
            }
          }
        ]
      },
      "StatusCode": 200,
      "ResponseHeaders": {
        "api-supported-versions": "2021-04-07-preview1, 2022-07-18-preview, 2023-08-25-preview, 2023-11-01",
        "Content-Type": "application/json; charset=utf-8",
        "Date": "Mon, 06 Nov 2023 23:27:14 GMT",
        "ETag": "\u0022a61c3e7b-0000-0700-0000-654976520000\u0022",
        "Last-Modified": "Mon, 06 Nov 2023 23:27:14 GMT",
        "Request-Context": "appId=",
        "trace-id": "08053226-33a2-6acf-28a8-bfbff287ed3b",
        "Transfer-Encoding": "chunked",
        "X-Azure-Ref": "0UnZJZQAAAAA4Ml5N1\u002BaUTJYRZ8Lbd7uXV1NURURHRTAxMTUAOWZjN2I1MTktYThjYy00Zjg5LTkzNWUtYzkxNDhhZTA5ZTgx",
        "X-Cache": "CONFIG_NOCACHE"
      },
      "ResponseBody": {
        "id": "test-e-policy-recorded-d-policies",
        "name": "test-e-policy",
        "exceptionRules": [
          {
            "id": "MaxWaitTimeExceededCancel",
            "trigger": {
              "kind": "wait-time",
              "thresholdSeconds": 10
            },
            "actions": [
              {
                "kind": "cancel",
                "note": "wait time exceeded; cancelling",
                "id": "95e475d3-e9d1-469b-9002-ac2e5c58ea29"
              }
            ]
          }
        ],
        "etag": "\u0022a61c3e7b-0000-0700-0000-654976520000\u0022"
      }
    },
    {
      "RequestUri": "https://endpoint/routing/queues/test-a-queue-recorded-d-policies?api-version=2023-11-01",
      "RequestMethod": "PATCH",
      "RequestHeaders": {
        "Accept": "application/json",
        "Accept-Encoding": "gzip,deflate",
        "Authorization": "Sanitized",
        "Connection": "keep-alive",
        "Content-Length": "190",
        "Content-Type": "application/merge-patch\u002Bjson",
        "User-Agent": "azsdk-js-communication-job-router-rest/1.0.0-beta.1 core-rest-pipeline/1.12.3 Node/v18.18.2 OS/(x64-Windows_NT-10.0.22621)",
        "x-ms-client-request-id": "889138ad-bc88-487e-9fe6-b7b9150dedfe",
        "x-ms-content-sha256": "OsLHjBdn7TyPSqg4WicZa8/B\u002BnXwQj7jghV3n/8OaYk=",
        "x-ms-date": "Mon, 06 Nov 2023 23:27:14 GMT"
      },
      "RequestBody": {
        "id": "test-a-queue-recorded-d-policies",
        "name": "test-a-queue",
        "exceptionPolicyId": "test-e-policy-recorded-d-policies",
        "distributionPolicyId": "test-d-policy-recorded-d-policies",
        "labels": {}
      },
      "StatusCode": 200,
      "ResponseHeaders": {
        "api-supported-versions": "2021-04-07-preview1, 2022-07-18-preview, 2023-08-25-preview, 2023-11-01",
        "Content-Type": "application/json; charset=utf-8",
        "Date": "Mon, 06 Nov 2023 23:27:14 GMT",
        "ETag": "\u002292046fe8-0000-0700-0000-654976500000\u0022",
        "Last-Modified": "Mon, 06 Nov 2023 23:27:12 GMT",
        "Request-Context": "appId=",
        "trace-id": "e7db6f8d-2eed-099c-4b07-c58015f3abc0",
        "Transfer-Encoding": "chunked",
        "X-Azure-Ref": "0UnZJZQAAAAC3yW0GDGInSLZi0NOuEESWV1NURURHRTAxMTUAOWZjN2I1MTktYThjYy00Zjg5LTkzNWUtYzkxNDhhZTA5ZTgx",
        "X-Cache": "CONFIG_NOCACHE"
      },
      "ResponseBody": {
        "id": "test-a-queue-recorded-d-policies",
        "name": "test-a-queue",
        "distributionPolicyId": "test-d-policy-recorded-d-policies",
        "labels": {
          "Id": "test-a-queue-recorded-d-policies"
        },
        "exceptionPolicyId": "test-e-policy-recorded-d-policies",
        "etag": "\u002292046fe8-0000-0700-0000-654976500000\u0022"
      }
    },
    {
      "RequestUri": "https://endpoint/routing/classificationPolicies/test-c-policy-recorded-d-policies?api-version=2023-11-01",
      "RequestMethod": "DELETE",
      "RequestHeaders": {
        "Accept": "application/json",
        "Accept-Encoding": "gzip,deflate",
        "Authorization": "Sanitized",
        "Connection": "keep-alive",
        "User-Agent": "azsdk-js-communication-job-router-rest/1.0.0-beta.1 core-rest-pipeline/1.12.3 Node/v18.18.2 OS/(x64-Windows_NT-10.0.22621)",
        "x-ms-client-request-id": "ea0c645e-a581-4f87-8409-0add06479c25",
        "x-ms-content-sha256": "47DEQpj8HBSa\u002B/TImW\u002B5JCeuQeRkm5NMpJWZG3hSuFU=",
        "x-ms-date": "Mon, 06 Nov 2023 23:27:14 GMT"
      },
      "RequestBody": null,
      "StatusCode": 204,
      "ResponseHeaders": {
        "api-supported-versions": "2021-04-07-preview1, 2022-07-18-preview, 2023-08-25-preview, 2023-11-01",
        "Date": "Mon, 06 Nov 2023 23:27:14 GMT",
        "Request-Context": "appId=",
        "trace-id": "aef8715e-477c-3fa7-c599-4290de6f19df",
        "X-Azure-Ref": "0UnZJZQAAAADDN7Vv7T7PQpZxsr7100NcV1NURURHRTAxMTUAOWZjN2I1MTktYThjYy00Zjg5LTkzNWUtYzkxNDhhZTA5ZTgx",
        "X-Cache": "CONFIG_NOCACHE"
      },
      "ResponseBody": null
    },
    {
      "RequestUri": "https://endpoint/routing/distributionPolicies/test-d-policy-recorded-d-policies?api-version=2023-11-01",
      "RequestMethod": "DELETE",
      "RequestHeaders": {
        "Accept": "application/json",
        "Accept-Encoding": "gzip,deflate",
        "Authorization": "Sanitized",
        "Connection": "keep-alive",
        "User-Agent": "azsdk-js-communication-job-router-rest/1.0.0-beta.1 core-rest-pipeline/1.12.3 Node/v18.18.2 OS/(x64-Windows_NT-10.0.22621)",
        "x-ms-client-request-id": "bc2c168e-67fa-4f8d-ae25-d4b19bb22db9",
        "x-ms-content-sha256": "47DEQpj8HBSa\u002B/TImW\u002B5JCeuQeRkm5NMpJWZG3hSuFU=",
        "x-ms-date": "Mon, 06 Nov 2023 23:27:14 GMT"
      },
      "RequestBody": null,
      "StatusCode": 400,
      "ResponseHeaders": {
        "api-supported-versions": "2021-04-07-preview1, 2022-07-18-preview, 2023-08-25-preview, 2023-11-01",
        "Content-Type": "application/json; charset=utf-8",
        "Date": "Mon, 06 Nov 2023 23:27:14 GMT",
        "Request-Context": "appId=",
        "trace-id": "a0e098b2-fa4f-4cf5-132e-1538dbfeca3e",
        "Transfer-Encoding": "chunked",
        "X-Azure-Ref": "0U3ZJZQAAAACR6MHazEnTT6JWTv3nTyLeV1NURURHRTAxMTUAOWZjN2I1MTktYThjYy00Zjg5LTkzNWUtYzkxNDhhZTA5ZTgx",
        "X-Cache": "CONFIG_NOCACHE"
      },
      "ResponseBody": {
        "communicationError": {
          "code": "BadRequest",
          "message": "One or more validation errors occurred.",
          "target": "/routing/distributionPolicies/test-d-policy-recorded-d-policies",
          "details": [
            {
              "code": "QueueExistsWithDistributionPolicy",
              "message": "There is a queue with this distribution policy"
            }
          ]
        }
      }
    },
    {
      "RequestUri": "https://endpoint/routing/exceptionPolicies/test-e-policy-recorded-d-policies?api-version=2023-11-01",
      "RequestMethod": "DELETE",
      "RequestHeaders": {
        "Accept": "application/json",
        "Accept-Encoding": "gzip,deflate",
        "Authorization": "Sanitized",
        "Connection": "keep-alive",
        "User-Agent": "azsdk-js-communication-job-router-rest/1.0.0-beta.1 core-rest-pipeline/1.12.3 Node/v18.18.2 OS/(x64-Windows_NT-10.0.22621)",
        "x-ms-client-request-id": "4d3897c7-b0ee-4c29-841d-e8f86516ebb2",
        "x-ms-content-sha256": "47DEQpj8HBSa\u002B/TImW\u002B5JCeuQeRkm5NMpJWZG3hSuFU=",
        "x-ms-date": "Mon, 06 Nov 2023 23:27:14 GMT"
      },
      "RequestBody": null,
      "StatusCode": 400,
      "ResponseHeaders": {
        "api-supported-versions": "2021-04-07-preview1, 2022-07-18-preview, 2023-08-25-preview, 2023-11-01",
        "Content-Type": "application/json; charset=utf-8",
        "Date": "Mon, 06 Nov 2023 23:27:15 GMT",
        "Request-Context": "appId=",
        "trace-id": "f2b140bc-4a61-5c6e-7fda-0052cb8dba84",
        "Transfer-Encoding": "chunked",
        "X-Azure-Ref": "0U3ZJZQAAAAATLumOtfAKQ56oro4hMFhqV1NURURHRTAxMTUAOWZjN2I1MTktYThjYy00Zjg5LTkzNWUtYzkxNDhhZTA5ZTgx",
        "X-Cache": "CONFIG_NOCACHE"
      },
      "ResponseBody": {
        "communicationError": {
          "code": "BadRequest",
          "message": "One or more validation errors occurred.",
          "target": "/routing/exceptionPolicies/test-e-policy-recorded-d-policies",
          "details": [
            {
              "code": "QueueExistsWithExceptionPolicy",
              "message": "There is a queue with this exception policy"
            }
          ]
        }
      }
    },
    {
      "RequestUri": "https://endpoint/routing/queues/test-a-queue-recorded-d-policies?api-version=2023-11-01",
      "RequestMethod": "DELETE",
      "RequestHeaders": {
        "Accept": "application/json",
        "Accept-Encoding": "gzip,deflate",
        "Authorization": "Sanitized",
        "Connection": "keep-alive",
        "User-Agent": "azsdk-js-communication-job-router-rest/1.0.0-beta.1 core-rest-pipeline/1.12.3 Node/v18.18.2 OS/(x64-Windows_NT-10.0.22621)",
        "x-ms-client-request-id": "423f5e6f-10e7-45c4-a057-f32abc8e0511",
        "x-ms-content-sha256": "47DEQpj8HBSa\u002B/TImW\u002B5JCeuQeRkm5NMpJWZG3hSuFU=",
        "x-ms-date": "Mon, 06 Nov 2023 23:27:15 GMT"
      },
      "RequestBody": null,
      "StatusCode": 204,
      "ResponseHeaders": {
        "api-supported-versions": "2021-04-07-preview1, 2022-07-18-preview, 2023-08-25-preview, 2023-11-01",
        "Date": "Mon, 06 Nov 2023 23:27:15 GMT",
        "Request-Context": "appId=",
        "trace-id": "7c02998c-301e-cb31-1a42-bf9e1ac835d1",
        "X-Azure-Ref": "0U3ZJZQAAAACFf0pERotQRZ7oC0IxG4/JV1NURURHRTAxMTUAOWZjN2I1MTktYThjYy00Zjg5LTkzNWUtYzkxNDhhZTA5ZTgx",
        "X-Cache": "CONFIG_NOCACHE"
      },
      "ResponseBody": null
    }
  ],
  "Variables": {}
}
