{
  "Entries": [
    {
      "RequestUri": "https://endpoint/routing/distributionPolicies/test-d-policy-recorded-jobs?api-version=2023-11-01",
      "RequestMethod": "PATCH",
      "RequestHeaders": {
        "Accept": "application/json",
        "Accept-Encoding": "gzip,deflate",
        "Authorization": "Sanitized",
        "Connection": "keep-alive",
        "Content-Length": "157",
        "Content-Type": "application/merge-patch\u002Bjson",
        "User-Agent": "azsdk-js-communication-job-router-rest/1.0.0-beta.1 core-rest-pipeline/1.12.3 Node/v18.18.2 OS/(x64-Windows_NT-10.0.22621)",
        "x-ms-client-request-id": "60c66ab1-714e-46d1-b4f9-c5587d0aa08e",
        "x-ms-content-sha256": "iRU4FoF\u002BSHDyek4I2mTj9UxqfsCodrYA4ivTcF4xVFQ=",
        "x-ms-date": "Mon, 06 Nov 2023 23:27:17 GMT"
      },
      "RequestBody": {
        "name": "test-d-policy",
        "offerExpiresAfterSeconds": 60,
        "mode": {
          "kind": "longest-idle",
          "minConcurrentOffers": 1,
          "maxConcurrentOffers": 5,
          "bypassSelectors": false
        }
      },
      "StatusCode": 200,
      "ResponseHeaders": {
        "api-supported-versions": "2021-04-07-preview1, 2022-07-18-preview, 2023-08-25-preview, 2023-11-01",
        "Content-Type": "application/json; charset=utf-8",
        "Date": "Mon, 06 Nov 2023 23:27:17 GMT",
        "ETag": "\u0022b403bfda-0000-0700-0000-65457e960000\u0022",
        "Last-Modified": "Fri, 03 Nov 2023 23:13:26 GMT",
        "Request-Context": "appId=",
        "trace-id": "df2c4fde-9ffb-46a2-dbfb-5e619ce8315b",
        "Transfer-Encoding": "chunked",
        "X-Azure-Ref": "0VXZJZQAAAAD4kC9\u002B\u002BwKLQ6FsnOUKjOanV1NURURHRTAxMTUAOWZjN2I1MTktYThjYy00Zjg5LTkzNWUtYzkxNDhhZTA5ZTgx",
        "X-Cache": "CONFIG_NOCACHE"
      },
      "ResponseBody": {
        "id": "test-d-policy-recorded-jobs",
        "name": "test-d-policy",
        "offerExpiresAfterSeconds": 60,
        "mode": {
          "kind": "longest-idle",
          "minConcurrentOffers": 1,
          "maxConcurrentOffers": 5,
          "bypassSelectors": false
        },
        "etag": "\u0022b403bfda-0000-0700-0000-65457e960000\u0022"
      }
    },
    {
      "RequestUri": "https://endpoint/routing/exceptionPolicies/test-e-policy-recorded-jobs?api-version=2023-11-01",
      "RequestMethod": "PATCH",
      "RequestHeaders": {
        "Accept": "application/json",
        "Accept-Encoding": "gzip,deflate",
        "Authorization": "Sanitized",
        "Connection": "keep-alive",
        "Content-Length": "201",
        "Content-Type": "application/merge-patch\u002Bjson",
        "User-Agent": "azsdk-js-communication-job-router-rest/1.0.0-beta.1 core-rest-pipeline/1.12.3 Node/v18.18.2 OS/(x64-Windows_NT-10.0.22621)",
        "x-ms-client-request-id": "9035daee-3a70-4904-ad21-ef7d3df65ac2",
        "x-ms-content-sha256": "Cra0Om0ZqhFeDkbLieY\u002Bv\u002B7gXRaJ3OqYfEy3xRhld5Y=",
        "x-ms-date": "Mon, 06 Nov 2023 23:27:17 GMT"
      },
      "RequestBody": {
        "name": "test-e-policy",
        "exceptionRules": [
          {
            "id": "MaxWaitTimeExceededCancel",
            "actions": [
              {
                "kind": "cancel",
                "note": "wait time exceeded; cancelling"
              }
            ],
            "trigger": {
              "kind": "wait-time",
              "thresholdSeconds": 10
            }
          }
        ]
      },
      "StatusCode": 200,
      "ResponseHeaders": {
        "api-supported-versions": "2021-04-07-preview1, 2022-07-18-preview, 2023-08-25-preview, 2023-11-01",
        "Content-Type": "application/json; charset=utf-8",
        "Date": "Mon, 06 Nov 2023 23:27:17 GMT",
        "ETag": "\u0022a61c2480-0000-0700-0000-654976550000\u0022",
        "Last-Modified": "Mon, 06 Nov 2023 23:27:17 GMT",
        "Request-Context": "appId=",
        "trace-id": "549282d0-e58b-79af-c305-362dc25dde23",
        "Transfer-Encoding": "chunked",
        "X-Azure-Ref": "0VXZJZQAAAADtgViFnCHsT4kzmK9o0g43V1NURURHRTAxMTUAOWZjN2I1MTktYThjYy00Zjg5LTkzNWUtYzkxNDhhZTA5ZTgx",
        "X-Cache": "CONFIG_NOCACHE"
      },
      "ResponseBody": {
        "id": "test-e-policy-recorded-jobs",
        "name": "test-e-policy",
        "exceptionRules": [
          {
            "id": "MaxWaitTimeExceededCancel",
            "trigger": {
              "kind": "wait-time",
              "thresholdSeconds": 10
            },
            "actions": [
              {
                "kind": "cancel",
                "note": "wait time exceeded; cancelling",
                "id": "0a65e9f4-c99d-4e13-ac1f-13407477e8b6"
              }
            ]
          }
        ],
        "etag": "\u0022a61c2480-0000-0700-0000-654976550000\u0022"
      }
    },
    {
      "RequestUri": "https://endpoint/routing/queues/test-a-queue-recorded-jobs?api-version=2023-11-01",
      "RequestMethod": "PATCH",
      "RequestHeaders": {
        "Accept": "application/json",
        "Accept-Encoding": "gzip,deflate",
        "Authorization": "Sanitized",
        "Connection": "keep-alive",
        "Content-Length": "172",
        "Content-Type": "application/merge-patch\u002Bjson",
        "User-Agent": "azsdk-js-communication-job-router-rest/1.0.0-beta.1 core-rest-pipeline/1.12.3 Node/v18.18.2 OS/(x64-Windows_NT-10.0.22621)",
        "x-ms-client-request-id": "04d9a61c-cf00-4693-8bb3-21e5bea9c516",
        "x-ms-content-sha256": "1FbWDlkYNs0PHIE8\u002BMhyPKGHh\u002BKztZc0cZwoX8Hhj8c=",
        "x-ms-date": "Mon, 06 Nov 2023 23:27:17 GMT"
      },
      "RequestBody": {
        "id": "test-a-queue-recorded-jobs",
        "name": "test-a-queue",
        "exceptionPolicyId": "test-e-policy-recorded-jobs",
        "distributionPolicyId": "test-d-policy-recorded-jobs",
        "labels": {}
      },
      "StatusCode": 200,
      "ResponseHeaders": {
        "api-supported-versions": "2021-04-07-preview1, 2022-07-18-preview, 2023-08-25-preview, 2023-11-01",
        "Content-Type": "application/json; charset=utf-8",
        "Date": "Mon, 06 Nov 2023 23:27:17 GMT",
        "ETag": "\u0022e2036717-0000-0700-0000-65457e970000\u0022",
        "Last-Modified": "Fri, 03 Nov 2023 23:13:27 GMT",
        "Request-Context": "appId=",
        "trace-id": "6fc4e20f-ef1e-de91-180d-965660d07d91",
        "Transfer-Encoding": "chunked",
        "X-Azure-Ref": "0VXZJZQAAAABdSJiMr3T6S7pxu0L2rTBuV1NURURHRTAxMTUAOWZjN2I1MTktYThjYy00Zjg5LTkzNWUtYzkxNDhhZTA5ZTgx",
        "X-Cache": "CONFIG_NOCACHE"
      },
      "ResponseBody": {
        "id": "test-a-queue-recorded-jobs",
        "name": "test-a-queue",
        "distributionPolicyId": "test-d-policy-recorded-jobs",
        "labels": {
          "Id": "test-a-queue-recorded-jobs"
        },
        "exceptionPolicyId": "test-e-policy-recorded-jobs",
        "etag": "\u0022e2036717-0000-0700-0000-65457e970000\u0022"
      }
    },
    {
      "RequestUri": "https://endpoint/routing/classificationPolicies/test-c-policy-recorded-jobs?api-version=2023-11-01",
      "RequestMethod": "PATCH",
      "RequestHeaders": {
        "Accept": "application/json",
        "Accept-Encoding": "gzip,deflate",
        "Authorization": "Sanitized",
        "Connection": "keep-alive",
        "Content-Length": "71",
        "Content-Type": "application/merge-patch\u002Bjson",
        "User-Agent": "azsdk-js-communication-job-router-rest/1.0.0-beta.1 core-rest-pipeline/1.12.3 Node/v18.18.2 OS/(x64-Windows_NT-10.0.22621)",
        "x-ms-client-request-id": "c56920e1-de3a-40f3-a0da-0c02d35c40fd",
        "x-ms-content-sha256": "OVJbBw7XtqDPGeuYZG8B54E7KeiWUptKurazKpEeB9E=",
        "x-ms-date": "Mon, 06 Nov 2023 23:27:17 GMT"
      },
      "RequestBody": {
        "name": "test-c-policy",
        "fallbackQueueId": "test-a-queue-recorded-jobs"
      },
      "StatusCode": 200,
      "ResponseHeaders": {
        "api-supported-versions": "2021-04-07-preview1, 2022-07-18-preview, 2023-08-25-preview, 2023-11-01",
        "Content-Type": "application/json; charset=utf-8",
        "Date": "Mon, 06 Nov 2023 23:27:17 GMT",
        "ETag": "\u0022dc036143-0000-0700-0000-6545805f0000\u0022",
        "Last-Modified": "Fri, 03 Nov 2023 23:21:03 GMT",
        "Request-Context": "appId=",
        "trace-id": "0386e42d-2a92-15e5-eb47-c5e05db215cf",
        "Transfer-Encoding": "chunked",
        "X-Azure-Ref": "0VXZJZQAAAACoY3YCtv5PQYi2Z3Yc8nRkV1NURURHRTAxMTUAOWZjN2I1MTktYThjYy00Zjg5LTkzNWUtYzkxNDhhZTA5ZTgx",
        "X-Cache": "CONFIG_NOCACHE"
      },
      "ResponseBody": {
        "id": "test-c-policy-recorded-jobs",
        "name": "test-c-policy",
        "fallbackQueueId": "test-a-queue-recorded-jobs",
        "queueSelectorAttachments": [],
        "workerSelectorAttachments": [],
        "etag": "\u0022dc036143-0000-0700-0000-6545805f0000\u0022"
      }
    },
    {
      "RequestUri": "https://endpoint/routing/jobs/test-job-recorded-jobs?api-version=2023-11-01",
      "RequestMethod": "GET",
      "RequestHeaders": {
        "Accept": "application/json",
        "Accept-Encoding": "gzip,deflate",
        "Authorization": "Sanitized",
        "Connection": "keep-alive",
        "User-Agent": "azsdk-js-communication-job-router-rest/1.0.0-beta.1 core-rest-pipeline/1.12.3 Node/v18.18.2 OS/(x64-Windows_NT-10.0.22621)",
        "x-ms-client-request-id": "bdb95a69-ce28-4178-aa64-28e274b94f9f",
        "x-ms-content-sha256": "47DEQpj8HBSa\u002B/TImW\u002B5JCeuQeRkm5NMpJWZG3hSuFU=",
        "x-ms-date": "Mon, 06 Nov 2023 23:27:17 GMT"
      },
      "RequestBody": null,
      "StatusCode": 200,
      "ResponseHeaders": {
        "api-supported-versions": "2021-04-07-preview1, 2022-07-18-preview, 2023-08-25-preview, 2023-11-01",
        "Content-Type": "application/json; charset=utf-8",
        "Date": "Mon, 06 Nov 2023 23:27:17 GMT",
        "ETag": "\u002200000002-0000-0000-d41c-61ea1fdfdb08\u0022",
        "Last-Modified": "Mon, 06 Nov 2023 23:27:17 GMT",
        "Request-Context": "appId=",
        "trace-id": "4342daa6-5f0e-5178-2419-1b715792582c",
        "Transfer-Encoding": "chunked",
        "X-Azure-Ref": "0VXZJZQAAAAB7bSOelTc2TLqs/ie\u002BnN7SV1NURURHRTAxMTUAOWZjN2I1MTktYThjYy00Zjg5LTkzNWUtYzkxNDhhZTA5ZTgx",
        "X-Cache": "CONFIG_NOCACHE"
      },
      "ResponseBody": {
        "id": "test-job-recorded-jobs",
        "status": "queued",
        "enqueuedAt": "2023-11-06T23:27:17.2270292\u002B00:00",
        "channelId": "test-channel",
        "classificationPolicyId": "test-c-policy-recorded-jobs",
        "queueId": "queue-123",
        "priority": 1,
        "requestedWorkerSelectors": [],
        "attachedWorkerSelectors": [],
        "labels": {},
        "assignments": {},
        "tags": {},
        "notes": [],
        "matchingMode": {
          "kind": "queue-and-match"
        },
        "etag": "\u002200000002-0000-0000-d41c-61ea1fdfdb08\u0022"
      }
    },
    {
      "RequestUri": "https://endpoint/routing/classificationPolicies/test-c-policy-recorded-jobs?api-version=2023-11-01",
      "RequestMethod": "DELETE",
      "RequestHeaders": {
        "Accept": "application/json",
        "Accept-Encoding": "gzip,deflate",
        "Authorization": "Sanitized",
        "Connection": "keep-alive",
        "User-Agent": "azsdk-js-communication-job-router-rest/1.0.0-beta.1 core-rest-pipeline/1.12.3 Node/v18.18.2 OS/(x64-Windows_NT-10.0.22621)",
        "x-ms-client-request-id": "545f07ab-6faf-417f-b826-99cbc1857f52",
        "x-ms-content-sha256": "47DEQpj8HBSa\u002B/TImW\u002B5JCeuQeRkm5NMpJWZG3hSuFU=",
        "x-ms-date": "Mon, 06 Nov 2023 23:27:17 GMT"
      },
      "RequestBody": null,
      "StatusCode": 400,
      "ResponseHeaders": {
        "api-supported-versions": "2021-04-07-preview1, 2022-07-18-preview, 2023-08-25-preview, 2023-11-01",
        "Content-Type": "application/json; charset=utf-8",
        "Date": "Mon, 06 Nov 2023 23:27:17 GMT",
        "Request-Context": "appId=",
        "trace-id": "7d1b482f-0069-be82-ef08-d9ec1e109655",
        "Transfer-Encoding": "chunked",
        "X-Azure-Ref": "0VXZJZQAAAACXGDQAfBXLR6vgLB1AOlIbV1NURURHRTAxMTUAOWZjN2I1MTktYThjYy00Zjg5LTkzNWUtYzkxNDhhZTA5ZTgx",
        "X-Cache": "CONFIG_NOCACHE"
      },
      "ResponseBody": {
        "communicationError": {
          "code": "BadRequest",
          "message": "One or more validation errors occurred.",
          "target": "/routing/classificationPolicies/test-c-policy-recorded-jobs",
          "details": [
            {
              "code": "ActiveJobWithClassificationPolicyExist",
              "message": "There is active job with this classification policy"
            }
          ]
        }
      }
    },
    {
      "RequestUri": "https://endpoint/routing/distributionPolicies/test-d-policy-recorded-jobs?api-version=2023-11-01",
      "RequestMethod": "DELETE",
      "RequestHeaders": {
        "Accept": "application/json",
        "Accept-Encoding": "gzip,deflate",
        "Authorization": "Sanitized",
        "Connection": "keep-alive",
        "User-Agent": "azsdk-js-communication-job-router-rest/1.0.0-beta.1 core-rest-pipeline/1.12.3 Node/v18.18.2 OS/(x64-Windows_NT-10.0.22621)",
        "x-ms-client-request-id": "d066c7a6-db95-4157-a142-fc776d82eb7b",
        "x-ms-content-sha256": "47DEQpj8HBSa\u002B/TImW\u002B5JCeuQeRkm5NMpJWZG3hSuFU=",
        "x-ms-date": "Mon, 06 Nov 2023 23:27:17 GMT"
      },
      "RequestBody": null,
      "StatusCode": 400,
      "ResponseHeaders": {
        "api-supported-versions": "2021-04-07-preview1, 2022-07-18-preview, 2023-08-25-preview, 2023-11-01",
        "Content-Type": "application/json; charset=utf-8",
        "Date": "Mon, 06 Nov 2023 23:27:17 GMT",
        "Request-Context": "appId=",
        "trace-id": "29f63b15-2fd3-c31a-07b8-fdf2d98e5ce0",
        "Transfer-Encoding": "chunked",
        "X-Azure-Ref": "0VXZJZQAAAADwU7OBZPaPQ6y/yqv/z/W0V1NURURHRTAxMTUAOWZjN2I1MTktYThjYy00Zjg5LTkzNWUtYzkxNDhhZTA5ZTgx",
        "X-Cache": "CONFIG_NOCACHE"
      },
      "ResponseBody": {
        "communicationError": {
          "code": "BadRequest",
          "message": "One or more validation errors occurred.",
          "target": "/routing/distributionPolicies/test-d-policy-recorded-jobs",
          "details": [
            {
              "code": "QueueExistsWithDistributionPolicy",
              "message": "There is a queue with this distribution policy"
            }
          ]
        }
      }
    },
    {
      "RequestUri": "https://endpoint/routing/exceptionPolicies/test-e-policy-recorded-jobs?api-version=2023-11-01",
      "RequestMethod": "DELETE",
      "RequestHeaders": {
        "Accept": "application/json",
        "Accept-Encoding": "gzip,deflate",
        "Authorization": "Sanitized",
        "Connection": "keep-alive",
        "User-Agent": "azsdk-js-communication-job-router-rest/1.0.0-beta.1 core-rest-pipeline/1.12.3 Node/v18.18.2 OS/(x64-Windows_NT-10.0.22621)",
        "x-ms-client-request-id": "9800445a-bf03-40dd-ba80-1e7e11348494",
        "x-ms-content-sha256": "47DEQpj8HBSa\u002B/TImW\u002B5JCeuQeRkm5NMpJWZG3hSuFU=",
        "x-ms-date": "Mon, 06 Nov 2023 23:27:17 GMT"
      },
      "RequestBody": null,
      "StatusCode": 400,
      "ResponseHeaders": {
        "api-supported-versions": "2021-04-07-preview1, 2022-07-18-preview, 2023-08-25-preview, 2023-11-01",
        "Content-Type": "application/json; charset=utf-8",
        "Date": "Mon, 06 Nov 2023 23:27:17 GMT",
        "Request-Context": "appId=",
        "trace-id": "f25ee16d-58ab-64f4-f675-6fc07222f406",
        "Transfer-Encoding": "chunked",
        "X-Azure-Ref": "0VXZJZQAAAAAHsvAQrCrrSIS5OH/bxLiSV1NURURHRTAxMTUAOWZjN2I1MTktYThjYy00Zjg5LTkzNWUtYzkxNDhhZTA5ZTgx",
        "X-Cache": "CONFIG_NOCACHE"
      },
      "ResponseBody": {
        "communicationError": {
          "code": "BadRequest",
          "message": "One or more validation errors occurred.",
          "target": "/routing/exceptionPolicies/test-e-policy-recorded-jobs",
          "details": [
            {
              "code": "QueueExistsWithExceptionPolicy",
              "message": "There is a queue with this exception policy"
            }
          ]
        }
      }
    },
    {
      "RequestUri": "https://endpoint/routing/queues/test-a-queue-recorded-jobs?api-version=2023-11-01",
      "RequestMethod": "DELETE",
      "RequestHeaders": {
        "Accept": "application/json",
        "Accept-Encoding": "gzip,deflate",
        "Authorization": "Sanitized",
        "Connection": "keep-alive",
        "User-Agent": "azsdk-js-communication-job-router-rest/1.0.0-beta.1 core-rest-pipeline/1.12.3 Node/v18.18.2 OS/(x64-Windows_NT-10.0.22621)",
        "x-ms-client-request-id": "0e859a39-8b52-48f5-8ce0-edaf68faba5a",
        "x-ms-content-sha256": "47DEQpj8HBSa\u002B/TImW\u002B5JCeuQeRkm5NMpJWZG3hSuFU=",
        "x-ms-date": "Mon, 06 Nov 2023 23:27:17 GMT"
      },
      "RequestBody": null,
      "StatusCode": 409,
      "ResponseHeaders": {
        "api-supported-versions": "2021-04-07-preview1, 2022-07-18-preview, 2023-08-25-preview, 2023-11-01",
        "Content-Type": "application/json; charset=utf-8",
        "Date": "Mon, 06 Nov 2023 23:27:17 GMT",
        "Request-Context": "appId=",
        "trace-id": "5214247f-9717-5b4f-0933-e83fd3e91e6a",
        "Transfer-Encoding": "chunked",
        "X-Azure-Ref": "0VXZJZQAAAADNBm9L0QzOSZfgv0/pMtlfV1NURURHRTAxMTUAOWZjN2I1MTktYThjYy00Zjg5LTkzNWUtYzkxNDhhZTA5ZTgx",
        "X-Cache": "CONFIG_NOCACHE"
      },
      "ResponseBody": {
        "communicationError": {
          "code": "Conflict",
          "message": "Validation failed: \r\n -- : There is active job with this queue\r\n -- : There is classification policy with this queue as fallback queue",
          "target": "/routing/queues/test-a-queue-recorded-jobs"
        }
      }
    }
  ],
  "Variables": {}
}
