{
  "Entries": [
    {
      "RequestUri": "https://endpoint/routing/distributionPolicies/test-d-policy-recorded-jobs?api-version=2023-11-01",
      "RequestMethod": "PATCH",
      "RequestHeaders": {
        "Accept": "application/json",
        "Accept-Encoding": "gzip,deflate",
        "Authorization": "Sanitized",
        "Connection": "keep-alive",
        "Content-Length": "157",
        "Content-Type": "application/merge-patch\u002Bjson",
        "User-Agent": "azsdk-js-communication-job-router-rest/1.0.0-beta.1 core-rest-pipeline/1.12.3 Node/v18.18.2 OS/(x64-Windows_NT-10.0.22621)",
        "x-ms-client-request-id": "4e8b2467-86fd-487d-999b-50d28e2cf84c",
        "x-ms-content-sha256": "iRU4FoF\u002BSHDyek4I2mTj9UxqfsCodrYA4ivTcF4xVFQ=",
        "x-ms-date": "Mon, 06 Nov 2023 23:27:21 GMT"
      },
      "RequestBody": {
        "name": "test-d-policy",
        "offerExpiresAfterSeconds": 60,
        "mode": {
          "kind": "longest-idle",
          "minConcurrentOffers": 1,
          "maxConcurrentOffers": 5,
          "bypassSelectors": false
        }
      },
      "StatusCode": 200,
      "ResponseHeaders": {
        "api-supported-versions": "2021-04-07-preview1, 2022-07-18-preview, 2023-08-25-preview, 2023-11-01",
        "Content-Type": "application/json; charset=utf-8",
        "Date": "Mon, 06 Nov 2023 23:27:21 GMT",
        "ETag": "\u0022b403bfda-0000-0700-0000-65457e960000\u0022",
        "Last-Modified": "Fri, 03 Nov 2023 23:13:26 GMT",
        "Request-Context": "appId=",
        "trace-id": "aeff983d-ac0d-0f6f-b6f2-ad22bebf66af",
        "Transfer-Encoding": "chunked",
        "X-Azure-Ref": "0WXZJZQAAAACIg5uLhB/FT6q/QQJPZmsWV1NURURHRTAxMTUAOWZjN2I1MTktYThjYy00Zjg5LTkzNWUtYzkxNDhhZTA5ZTgx",
        "X-Cache": "CONFIG_NOCACHE"
      },
      "ResponseBody": {
        "id": "test-d-policy-recorded-jobs",
        "name": "test-d-policy",
        "offerExpiresAfterSeconds": 60,
        "mode": {
          "kind": "longest-idle",
          "minConcurrentOffers": 1,
          "maxConcurrentOffers": 5,
          "bypassSelectors": false
        },
        "etag": "\u0022b403bfda-0000-0700-0000-65457e960000\u0022"
      }
    },
    {
      "RequestUri": "https://endpoint/routing/exceptionPolicies/test-e-policy-recorded-jobs?api-version=2023-11-01",
      "RequestMethod": "PATCH",
      "RequestHeaders": {
        "Accept": "application/json",
        "Accept-Encoding": "gzip,deflate",
        "Authorization": "Sanitized",
        "Connection": "keep-alive",
        "Content-Length": "201",
        "Content-Type": "application/merge-patch\u002Bjson",
        "User-Agent": "azsdk-js-communication-job-router-rest/1.0.0-beta.1 core-rest-pipeline/1.12.3 Node/v18.18.2 OS/(x64-Windows_NT-10.0.22621)",
        "x-ms-client-request-id": "7ab957d5-234c-4ab8-876f-2e4f8b1bf90e",
        "x-ms-content-sha256": "Cra0Om0ZqhFeDkbLieY\u002Bv\u002B7gXRaJ3OqYfEy3xRhld5Y=",
        "x-ms-date": "Mon, 06 Nov 2023 23:27:21 GMT"
      },
      "RequestBody": {
        "name": "test-e-policy",
        "exceptionRules": [
          {
            "id": "MaxWaitTimeExceededCancel",
            "actions": [
              {
                "kind": "cancel",
                "note": "wait time exceeded; cancelling"
              }
            ],
            "trigger": {
              "kind": "wait-time",
              "thresholdSeconds": 10
            }
          }
        ]
      },
      "StatusCode": 200,
      "ResponseHeaders": {
        "api-supported-versions": "2021-04-07-preview1, 2022-07-18-preview, 2023-08-25-preview, 2023-11-01",
        "Content-Type": "application/json; charset=utf-8",
        "Date": "Mon, 06 Nov 2023 23:27:21 GMT",
        "ETag": "\u0022a61c9c87-0000-0700-0000-654976590000\u0022",
        "Last-Modified": "Mon, 06 Nov 2023 23:27:21 GMT",
        "Request-Context": "appId=",
        "trace-id": "482dc794-5aef-d0c5-b5db-59a3adef3bae",
        "Transfer-Encoding": "chunked",
        "X-Azure-Ref": "0WXZJZQAAAABKwgAGEbg8QamGgebBi9K3V1NURURHRTAxMTUAOWZjN2I1MTktYThjYy00Zjg5LTkzNWUtYzkxNDhhZTA5ZTgx",
        "X-Cache": "CONFIG_NOCACHE"
      },
      "ResponseBody": {
        "id": "test-e-policy-recorded-jobs",
        "name": "test-e-policy",
        "exceptionRules": [
          {
            "id": "MaxWaitTimeExceededCancel",
            "trigger": {
              "kind": "wait-time",
              "thresholdSeconds": 10
            },
            "actions": [
              {
                "kind": "cancel",
                "note": "wait time exceeded; cancelling",
                "id": "85bf3d82-d5f3-45ae-a8d1-3d1d228ca985"
              }
            ]
          }
        ],
        "etag": "\u0022a61c9c87-0000-0700-0000-654976590000\u0022"
      }
    },
    {
      "RequestUri": "https://endpoint/routing/queues/test-a-queue-recorded-jobs?api-version=2023-11-01",
      "RequestMethod": "PATCH",
      "RequestHeaders": {
        "Accept": "application/json",
        "Accept-Encoding": "gzip,deflate",
        "Authorization": "Sanitized",
        "Connection": "keep-alive",
        "Content-Length": "172",
        "Content-Type": "application/merge-patch\u002Bjson",
        "User-Agent": "azsdk-js-communication-job-router-rest/1.0.0-beta.1 core-rest-pipeline/1.12.3 Node/v18.18.2 OS/(x64-Windows_NT-10.0.22621)",
        "x-ms-client-request-id": "5e24b565-02e1-450a-b0bf-0352281b58f9",
        "x-ms-content-sha256": "1FbWDlkYNs0PHIE8\u002BMhyPKGHh\u002BKztZc0cZwoX8Hhj8c=",
        "x-ms-date": "Mon, 06 Nov 2023 23:27:21 GMT"
      },
      "RequestBody": {
        "id": "test-a-queue-recorded-jobs",
        "name": "test-a-queue",
        "exceptionPolicyId": "test-e-policy-recorded-jobs",
        "distributionPolicyId": "test-d-policy-recorded-jobs",
        "labels": {}
      },
      "StatusCode": 200,
      "ResponseHeaders": {
        "api-supported-versions": "2021-04-07-preview1, 2022-07-18-preview, 2023-08-25-preview, 2023-11-01",
        "Content-Type": "application/json; charset=utf-8",
        "Date": "Mon, 06 Nov 2023 23:27:21 GMT",
        "ETag": "\u0022e2036717-0000-0700-0000-65457e970000\u0022",
        "Last-Modified": "Fri, 03 Nov 2023 23:13:27 GMT",
        "Request-Context": "appId=",
        "trace-id": "49182567-a4f2-7127-474f-a871f3636848",
        "Transfer-Encoding": "chunked",
        "X-Azure-Ref": "0WXZJZQAAAAAWAWleTGm\u002BRaYkotLM2CrwV1NURURHRTAxMTUAOWZjN2I1MTktYThjYy00Zjg5LTkzNWUtYzkxNDhhZTA5ZTgx",
        "X-Cache": "CONFIG_NOCACHE"
      },
      "ResponseBody": {
        "id": "test-a-queue-recorded-jobs",
        "name": "test-a-queue",
        "distributionPolicyId": "test-d-policy-recorded-jobs",
        "labels": {
          "Id": "test-a-queue-recorded-jobs"
        },
        "exceptionPolicyId": "test-e-policy-recorded-jobs",
        "etag": "\u0022e2036717-0000-0700-0000-65457e970000\u0022"
      }
    },
    {
      "RequestUri": "https://endpoint/routing/classificationPolicies/test-c-policy-recorded-jobs?api-version=2023-11-01",
      "RequestMethod": "PATCH",
      "RequestHeaders": {
        "Accept": "application/json",
        "Accept-Encoding": "gzip,deflate",
        "Authorization": "Sanitized",
        "Connection": "keep-alive",
        "Content-Length": "71",
        "Content-Type": "application/merge-patch\u002Bjson",
        "User-Agent": "azsdk-js-communication-job-router-rest/1.0.0-beta.1 core-rest-pipeline/1.12.3 Node/v18.18.2 OS/(x64-Windows_NT-10.0.22621)",
        "x-ms-client-request-id": "b64ae6b9-4753-45cc-aac3-dec97b0e8c2d",
        "x-ms-content-sha256": "OVJbBw7XtqDPGeuYZG8B54E7KeiWUptKurazKpEeB9E=",
        "x-ms-date": "Mon, 06 Nov 2023 23:27:21 GMT"
      },
      "RequestBody": {
        "name": "test-c-policy",
        "fallbackQueueId": "test-a-queue-recorded-jobs"
      },
      "StatusCode": 200,
      "ResponseHeaders": {
        "api-supported-versions": "2021-04-07-preview1, 2022-07-18-preview, 2023-08-25-preview, 2023-11-01",
        "Content-Type": "application/json; charset=utf-8",
        "Date": "Mon, 06 Nov 2023 23:27:21 GMT",
        "ETag": "\u0022dc036143-0000-0700-0000-6545805f0000\u0022",
        "Last-Modified": "Fri, 03 Nov 2023 23:21:03 GMT",
        "Request-Context": "appId=",
        "trace-id": "c8566166-0466-3730-4137-9c25b7309b7d",
        "Transfer-Encoding": "chunked",
        "X-Azure-Ref": "0WXZJZQAAAABIdeZ4Ov7ORqN8ZgRup3p9V1NURURHRTAxMTUAOWZjN2I1MTktYThjYy00Zjg5LTkzNWUtYzkxNDhhZTA5ZTgx",
        "X-Cache": "CONFIG_NOCACHE"
      },
      "ResponseBody": {
        "id": "test-c-policy-recorded-jobs",
        "name": "test-c-policy",
        "fallbackQueueId": "test-a-queue-recorded-jobs",
        "queueSelectorAttachments": [],
        "workerSelectorAttachments": [],
        "etag": "\u0022dc036143-0000-0700-0000-6545805f0000\u0022"
      }
    },
    {
      "RequestUri": "https://endpoint/routing/jobs?maxpagesize=20\u0026scheduledBefore=2023-11-06T23%3A27%3A51.387Z\u0026api-version=2023-11-01",
      "RequestMethod": "GET",
      "RequestHeaders": {
        "Accept": "application/json",
        "Accept-Encoding": "gzip,deflate",
        "Authorization": "Sanitized",
        "Connection": "keep-alive",
        "User-Agent": "azsdk-js-communication-job-router-rest/1.0.0-beta.1 core-rest-pipeline/1.12.3 Node/v18.18.2 OS/(x64-Windows_NT-10.0.22621)",
        "x-ms-client-request-id": "545970b6-78a7-4682-b4ac-fec4669731d6",
        "x-ms-content-sha256": "47DEQpj8HBSa\u002B/TImW\u002B5JCeuQeRkm5NMpJWZG3hSuFU=",
        "x-ms-date": "Mon, 06 Nov 2023 23:27:21 GMT"
      },
      "RequestBody": null,
      "StatusCode": 200,
      "ResponseHeaders": {
        "api-supported-versions": "2021-04-07-preview1, 2022-07-18-preview, 2023-08-25-preview, 2023-11-01",
        "Content-Type": "application/json; charset=utf-8",
        "Date": "Mon, 06 Nov 2023 23:27:21 GMT",
        "Request-Context": "appId=",
        "trace-id": "8b94c88c-f910-88cd-50c6-cd9ff7495a2d",
        "Transfer-Encoding": "chunked",
        "X-Azure-Ref": "0WXZJZQAAAAAY7w79Lh5KRp3FzLn20Sy3V1NURURHRTAxMTUAOWZjN2I1MTktYThjYy00Zjg5LTkzNWUtYzkxNDhhZTA5ZTgx",
        "X-Cache": "CONFIG_NOCACHE"
      },
      "ResponseBody": {
        "value": [
          {
            "id": "test-8-job-recorded-jobs",
            "status": "cancelled",
            "channelId": "test-channel",
            "classificationPolicyId": "test-c-policy-recorded-jobs",
            "queueId": "queue-383b50ca-e500-4582-a7e0-a492bb505c66-1",
            "priority": 1,
            "dispositionCode": "Cancelled",
            "requestedWorkerSelectors": [],
            "attachedWorkerSelectors": [],
            "labels": {},
            "assignments": {},
            "tags": {},
            "notes": [],
            "scheduledAt": "2023-11-06T00:50:43.9030229\u002B00:00",
            "matchingMode": {
              "kind": "schedule-and-suspend",
              "scheduleAt": "2023-11-06T00:50:43.414\u002B00:00"
            },
            "etag": "\u002200000005-0000-0000-c81c-636c62dedb08\u0022"
          },
          {
            "id": "test-4-job-recorded-jobs",
            "status": "waitingForActivation",
            "channelId": "test-channel",
            "classificationPolicyId": "test-c-policy-recorded-jobs",
            "queueId": "test-a-queue-recorded-jobs",
            "priority": 1,
            "requestedWorkerSelectors": [],
            "attachedWorkerSelectors": [],
            "labels": {},
            "assignments": {},
            "tags": {},
            "notes": [],
            "scheduledAt": "2023-11-03T23:31:18.6436945\u002B00:00",
            "matchingMode": {
              "kind": "schedule-and-suspend",
              "scheduleAt": "2023-11-03T23:31:17.664\u002B00:00"
            },
            "etag": "\u002200000010-0000-0000-511f-09fbc4dcdb08\u0022"
          },
          {
            "id": "test-1-job-recorded-jobs",
            "status": "waitingForActivation",
            "channelId": "test-channel",
            "classificationPolicyId": "test-c-policy-recorded-jobs",
            "queueId": "test-a-queue-recorded-jobs",
            "priority": 1,
            "requestedWorkerSelectors": [],
            "attachedWorkerSelectors": [],
            "labels": {},
            "assignments": {},
            "tags": {},
            "notes": [],
            "scheduledAt": "2023-11-03T23:22:23.3284178\u002B00:00",
            "matchingMode": {
              "kind": "schedule-and-suspend",
              "scheduleAt": "2023-11-03T23:22:22.745\u002B00:00"
            },
            "etag": "\u00220000000c-0000-0000-527e-f6bbc3dcdb08\u0022"
          }
        ]
      }
    },
    {
      "RequestUri": "https://endpoint/routing/classificationPolicies/test-c-policy-recorded-jobs?api-version=2023-11-01",
      "RequestMethod": "DELETE",
      "RequestHeaders": {
        "Accept": "application/json",
        "Accept-Encoding": "gzip,deflate",
        "Authorization": "Sanitized",
        "Connection": "keep-alive",
        "User-Agent": "azsdk-js-communication-job-router-rest/1.0.0-beta.1 core-rest-pipeline/1.12.3 Node/v18.18.2 OS/(x64-Windows_NT-10.0.22621)",
        "x-ms-client-request-id": "ab377af2-52d9-4624-b449-741daeeb509c",
        "x-ms-content-sha256": "47DEQpj8HBSa\u002B/TImW\u002B5JCeuQeRkm5NMpJWZG3hSuFU=",
        "x-ms-date": "Mon, 06 Nov 2023 23:27:21 GMT"
      },
      "RequestBody": null,
      "StatusCode": 400,
      "ResponseHeaders": {
        "api-supported-versions": "2021-04-07-preview1, 2022-07-18-preview, 2023-08-25-preview, 2023-11-01",
        "Content-Type": "application/json; charset=utf-8",
        "Date": "Mon, 06 Nov 2023 23:27:21 GMT",
        "Request-Context": "appId=",
        "trace-id": "43f1f502-4023-983f-009b-c0f1b8b1fdbc",
        "Transfer-Encoding": "chunked",
        "X-Azure-Ref": "0WXZJZQAAAABhoCN46SsZSpCRvNoebNA4V1NURURHRTAxMTUAOWZjN2I1MTktYThjYy00Zjg5LTkzNWUtYzkxNDhhZTA5ZTgx",
        "X-Cache": "CONFIG_NOCACHE"
      },
      "ResponseBody": {
        "communicationError": {
          "code": "BadRequest",
          "message": "One or more validation errors occurred.",
          "target": "/routing/classificationPolicies/test-c-policy-recorded-jobs",
          "details": [
            {
              "code": "ActiveJobWithClassificationPolicyExist",
              "message": "There is active job with this classification policy"
            }
          ]
        }
      }
    },
    {
      "RequestUri": "https://endpoint/routing/distributionPolicies/test-d-policy-recorded-jobs?api-version=2023-11-01",
      "RequestMethod": "DELETE",
      "RequestHeaders": {
        "Accept": "application/json",
        "Accept-Encoding": "gzip,deflate",
        "Authorization": "Sanitized",
        "Connection": "keep-alive",
        "User-Agent": "azsdk-js-communication-job-router-rest/1.0.0-beta.1 core-rest-pipeline/1.12.3 Node/v18.18.2 OS/(x64-Windows_NT-10.0.22621)",
        "x-ms-client-request-id": "0e57d8ec-1a18-46cd-93bc-b9d230c5b798",
        "x-ms-content-sha256": "47DEQpj8HBSa\u002B/TImW\u002B5JCeuQeRkm5NMpJWZG3hSuFU=",
        "x-ms-date": "Mon, 06 Nov 2023 23:27:21 GMT"
      },
      "RequestBody": null,
      "StatusCode": 400,
      "ResponseHeaders": {
        "api-supported-versions": "2021-04-07-preview1, 2022-07-18-preview, 2023-08-25-preview, 2023-11-01",
        "Content-Type": "application/json; charset=utf-8",
        "Date": "Mon, 06 Nov 2023 23:27:21 GMT",
        "Request-Context": "appId=",
        "trace-id": "19016753-ae23-46af-d44c-e851fc59c438",
        "Transfer-Encoding": "chunked",
        "X-Azure-Ref": "0WXZJZQAAAADv/F9Eeu6MT5kk\u002Bx8gobCKV1NURURHRTAxMTUAOWZjN2I1MTktYThjYy00Zjg5LTkzNWUtYzkxNDhhZTA5ZTgx",
        "X-Cache": "CONFIG_NOCACHE"
      },
      "ResponseBody": {
        "communicationError": {
          "code": "BadRequest",
          "message": "One or more validation errors occurred.",
          "target": "/routing/distributionPolicies/test-d-policy-recorded-jobs",
          "details": [
            {
              "code": "QueueExistsWithDistributionPolicy",
              "message": "There is a queue with this distribution policy"
            }
          ]
        }
      }
    },
    {
      "RequestUri": "https://endpoint/routing/exceptionPolicies/test-e-policy-recorded-jobs?api-version=2023-11-01",
      "RequestMethod": "DELETE",
      "RequestHeaders": {
        "Accept": "application/json",
        "Accept-Encoding": "gzip,deflate",
        "Authorization": "Sanitized",
        "Connection": "keep-alive",
        "User-Agent": "azsdk-js-communication-job-router-rest/1.0.0-beta.1 core-rest-pipeline/1.12.3 Node/v18.18.2 OS/(x64-Windows_NT-10.0.22621)",
        "x-ms-client-request-id": "8eb55046-c936-430e-a23a-e8bf70d8e9fc",
        "x-ms-content-sha256": "47DEQpj8HBSa\u002B/TImW\u002B5JCeuQeRkm5NMpJWZG3hSuFU=",
        "x-ms-date": "Mon, 06 Nov 2023 23:27:21 GMT"
      },
      "RequestBody": null,
      "StatusCode": 400,
      "ResponseHeaders": {
        "api-supported-versions": "2021-04-07-preview1, 2022-07-18-preview, 2023-08-25-preview, 2023-11-01",
        "Content-Type": "application/json; charset=utf-8",
        "Date": "Mon, 06 Nov 2023 23:27:21 GMT",
        "Request-Context": "appId=",
        "trace-id": "608b9706-434a-9367-6800-c9b6daa6d616",
        "Transfer-Encoding": "chunked",
        "X-Azure-Ref": "0WXZJZQAAAABkflv4TNFZQLJJUrTbyK/YV1NURURHRTAxMTUAOWZjN2I1MTktYThjYy00Zjg5LTkzNWUtYzkxNDhhZTA5ZTgx",
        "X-Cache": "CONFIG_NOCACHE"
      },
      "ResponseBody": {
        "communicationError": {
          "code": "BadRequest",
          "message": "One or more validation errors occurred.",
          "target": "/routing/exceptionPolicies/test-e-policy-recorded-jobs",
          "details": [
            {
              "code": "QueueExistsWithExceptionPolicy",
              "message": "There is a queue with this exception policy"
            }
          ]
        }
      }
    },
    {
      "RequestUri": "https://endpoint/routing/queues/test-a-queue-recorded-jobs?api-version=2023-11-01",
      "RequestMethod": "DELETE",
      "RequestHeaders": {
        "Accept": "application/json",
        "Accept-Encoding": "gzip,deflate",
        "Authorization": "Sanitized",
        "Connection": "keep-alive",
        "User-Agent": "azsdk-js-communication-job-router-rest/1.0.0-beta.1 core-rest-pipeline/1.12.3 Node/v18.18.2 OS/(x64-Windows_NT-10.0.22621)",
        "x-ms-client-request-id": "e74f8e9d-afee-472b-a87e-81bba2084571",
        "x-ms-content-sha256": "47DEQpj8HBSa\u002B/TImW\u002B5JCeuQeRkm5NMpJWZG3hSuFU=",
        "x-ms-date": "Mon, 06 Nov 2023 23:27:21 GMT"
      },
      "RequestBody": null,
      "StatusCode": 409,
      "ResponseHeaders": {
        "api-supported-versions": "2021-04-07-preview1, 2022-07-18-preview, 2023-08-25-preview, 2023-11-01",
        "Content-Type": "application/json; charset=utf-8",
        "Date": "Mon, 06 Nov 2023 23:27:21 GMT",
        "Request-Context": "appId=",
        "trace-id": "2b13cd8e-eae3-89f0-688f-7bf8694c4fce",
        "Transfer-Encoding": "chunked",
        "X-Azure-Ref": "0WXZJZQAAAAD\u002B5mWYLC54RI/xgrT\u002BmyXcV1NURURHRTAxMTUAOWZjN2I1MTktYThjYy00Zjg5LTkzNWUtYzkxNDhhZTA5ZTgx",
        "X-Cache": "CONFIG_NOCACHE"
      },
      "ResponseBody": {
        "communicationError": {
          "code": "Conflict",
          "message": "Validation failed: \r\n -- : There is active job with this queue\r\n -- : There is classification policy with this queue as fallback queue",
          "target": "/routing/queues/test-a-queue-recorded-jobs"
        }
      }
    }
  ],
  "Variables": {
    "scheduledTime": "2023-11-06T23:27:51.387Z"
  }
}
