{
  "Entries": [
    {
      "RequestUri": "https://endpoint/pools/JSSDKTest-Pool-Endpoint-8190/nodes?api-version=2023-11-01.18.0",
      "RequestMethod": "GET",
      "RequestHeaders": {
        "Accept": "application/json",
        "Accept-Encoding": "gzip,deflate",
        "Authorization": "Sanitized",
        "Connection": "keep-alive",
        "User-Agent": "azsdk-js-batch-rest/1.0.0-beta.1 core-rest-pipeline/1.10.2 Node/v18.14.0 OS/(x64-Linux-5.10.102.1-microsoft-standard-WSL2)",
        "x-ms-client-request-id": "7e3d7d25-5f65-45e6-a15b-ea86c9c6f27a"
      },
      "RequestBody": null,
      "StatusCode": 200,
      "ResponseHeaders": {
        "Content-Type": "application/json; odata=minimalmetadata",
        "DataServiceVersion": "3.0",
        "Date": "Tue, 09 May 2023 07:08:53 GMT",
        "request-id": "15ecabab-ef4b-48db-8da3-f6a68cb4ffc8",
        "Server": "Microsoft-HTTPAPI/2.0",
        "Strict-Transport-Security": "max-age=31536000; includeSubDomains",
        "Transfer-Encoding": "chunked",
        "X-Content-Type-Options": "nosniff"
      },
      "ResponseBody": {
        "odata.metadata": "https://endpoint/$metadata#nodes",
        "value": []
      }
    },
    {
      "RequestUri": "https://endpoint/pools/JSSDKTest-Pool-Endpoint-8190/nodes?api-version=2023-11-01.18.0",
      "RequestMethod": "GET",
      "RequestHeaders": {
        "Accept": "application/json",
        "Accept-Encoding": "gzip,deflate",
        "Authorization": "Sanitized",
        "Connection": "keep-alive",
        "User-Agent": "azsdk-js-batch-rest/1.0.0-beta.1 core-rest-pipeline/1.10.2 Node/v18.14.0 OS/(x64-Linux-5.10.102.1-microsoft-standard-WSL2)",
        "x-ms-client-request-id": "de42f915-6e0c-440a-a7b4-ffaf364fa50d"
      },
      "RequestBody": null,
      "StatusCode": 200,
      "ResponseHeaders": {
        "Content-Type": "application/json; odata=minimalmetadata",
        "DataServiceVersion": "3.0",
        "Date": "Tue, 09 May 2023 07:09:03 GMT",
        "request-id": "8eedc758-c5ed-4966-9497-64c06ef4fafa",
        "Server": "Microsoft-HTTPAPI/2.0",
        "Strict-Transport-Security": "max-age=31536000; includeSubDomains",
        "Transfer-Encoding": "chunked",
        "X-Content-Type-Options": "nosniff"
      },
      "ResponseBody": {
        "odata.metadata": "https://endpoint/$metadata#nodes",
        "value": []
      }
    },
    {
      "RequestUri": "https://endpoint/pools/JSSDKTest-Pool-Endpoint-8190/nodes?api-version=2023-11-01.18.0",
      "RequestMethod": "GET",
      "RequestHeaders": {
        "Accept": "application/json",
        "Accept-Encoding": "gzip,deflate",
        "Authorization": "Sanitized",
        "Connection": "keep-alive",
        "User-Agent": "azsdk-js-batch-rest/1.0.0-beta.1 core-rest-pipeline/1.10.2 Node/v18.14.0 OS/(x64-Linux-5.10.102.1-microsoft-standard-WSL2)",
        "x-ms-client-request-id": "80692853-d1aa-4741-bfd1-83a1524c1494"
      },
      "RequestBody": null,
      "StatusCode": 200,
      "ResponseHeaders": {
        "Content-Type": "application/json; odata=minimalmetadata",
        "DataServiceVersion": "3.0",
        "Date": "Tue, 09 May 2023 07:09:13 GMT",
        "request-id": "2c7a9a49-eb76-41c6-a677-1e51492d6c72",
        "Server": "Microsoft-HTTPAPI/2.0",
        "Strict-Transport-Security": "max-age=31536000; includeSubDomains",
        "Transfer-Encoding": "chunked",
        "X-Content-Type-Options": "nosniff"
      },
      "ResponseBody": {
        "odata.metadata": "https://endpoint/$metadata#nodes",
        "value": []
      }
    },
    {
      "RequestUri": "https://endpoint/pools/JSSDKTest-Pool-Endpoint-8190/nodes?api-version=2023-11-01.18.0",
      "RequestMethod": "GET",
      "RequestHeaders": {
        "Accept": "application/json",
        "Accept-Encoding": "gzip,deflate",
        "Authorization": "Sanitized",
        "Connection": "keep-alive",
        "User-Agent": "azsdk-js-batch-rest/1.0.0-beta.1 core-rest-pipeline/1.10.2 Node/v18.14.0 OS/(x64-Linux-5.10.102.1-microsoft-standard-WSL2)",
        "x-ms-client-request-id": "5a1d2468-53f3-46a7-9ae1-a298cf3c4393"
      },
      "RequestBody": null,
      "StatusCode": 200,
      "ResponseHeaders": {
        "Content-Type": "application/json; odata=minimalmetadata",
        "DataServiceVersion": "3.0",
        "Date": "Tue, 09 May 2023 07:09:24 GMT",
        "request-id": "66967fde-f979-4d19-8135-1597a34bbc0f",
        "Server": "Microsoft-HTTPAPI/2.0",
        "Strict-Transport-Security": "max-age=31536000; includeSubDomains",
        "Transfer-Encoding": "chunked",
        "X-Content-Type-Options": "nosniff"
      },
      "ResponseBody": {
        "odata.metadata": "https://endpoint/$metadata#nodes",
        "value": []
      }
    },
    {
      "RequestUri": "https://endpoint/pools/JSSDKTest-Pool-Endpoint-8190/nodes?api-version=2023-11-01.18.0",
      "RequestMethod": "GET",
      "RequestHeaders": {
        "Accept": "application/json",
        "Accept-Encoding": "gzip,deflate",
        "Authorization": "Sanitized",
        "Connection": "keep-alive",
        "User-Agent": "azsdk-js-batch-rest/1.0.0-beta.1 core-rest-pipeline/1.10.2 Node/v18.14.0 OS/(x64-Linux-5.10.102.1-microsoft-standard-WSL2)",
        "x-ms-client-request-id": "c2d82720-eb0f-42aa-a8c5-db12a9cf0b87"
      },
      "RequestBody": null,
      "StatusCode": 200,
      "ResponseHeaders": {
        "Content-Type": "application/json; odata=minimalmetadata",
        "DataServiceVersion": "3.0",
        "Date": "Tue, 09 May 2023 07:09:34 GMT",
        "request-id": "b208c8a9-4501-437d-adb1-70f38c6aec5a",
        "Server": "Microsoft-HTTPAPI/2.0",
        "Strict-Transport-Security": "max-age=31536000; includeSubDomains",
        "Transfer-Encoding": "chunked",
        "X-Content-Type-Options": "nosniff"
      },
      "ResponseBody": {
        "odata.metadata": "https://endpoint/$metadata#nodes",
        "value": []
      }
    },
    {
      "RequestUri": "https://endpoint/pools/JSSDKTest-Pool-Endpoint-8190/nodes?api-version=2023-11-01.18.0",
      "RequestMethod": "GET",
      "RequestHeaders": {
        "Accept": "application/json",
        "Accept-Encoding": "gzip,deflate",
        "Authorization": "Sanitized",
        "Connection": "keep-alive",
        "User-Agent": "azsdk-js-batch-rest/1.0.0-beta.1 core-rest-pipeline/1.10.2 Node/v18.14.0 OS/(x64-Linux-5.10.102.1-microsoft-standard-WSL2)",
        "x-ms-client-request-id": "ecb01a09-a5df-4ea0-9bb8-ba157ac6d641"
      },
      "RequestBody": null,
      "StatusCode": 200,
      "ResponseHeaders": {
        "Content-Type": "application/json; odata=minimalmetadata",
        "DataServiceVersion": "3.0",
        "Date": "Tue, 09 May 2023 07:09:45 GMT",
        "request-id": "2c44becf-9015-4f0e-aca0-b34b2108eabb",
        "Server": "Microsoft-HTTPAPI/2.0",
        "Strict-Transport-Security": "max-age=31536000; includeSubDomains",
        "Transfer-Encoding": "chunked",
        "X-Content-Type-Options": "nosniff"
      },
      "ResponseBody": {
        "odata.metadata": "https://endpoint/$metadata#nodes",
        "value": []
      }
    },
    {
      "RequestUri": "https://endpoint/pools/JSSDKTest-Pool-Endpoint-8190/nodes?api-version=2023-11-01.18.0",
      "RequestMethod": "GET",
      "RequestHeaders": {
        "Accept": "application/json",
        "Accept-Encoding": "gzip,deflate",
        "Authorization": "Sanitized",
        "Connection": "keep-alive",
        "User-Agent": "azsdk-js-batch-rest/1.0.0-beta.1 core-rest-pipeline/1.10.2 Node/v18.14.0 OS/(x64-Linux-5.10.102.1-microsoft-standard-WSL2)",
        "x-ms-client-request-id": "43f75b8e-239f-44fb-9ce8-0a18bea9afdc"
      },
      "RequestBody": null,
      "StatusCode": 200,
      "ResponseHeaders": {
        "Content-Type": "application/json; odata=minimalmetadata",
        "DataServiceVersion": "3.0",
        "Date": "Tue, 09 May 2023 07:09:55 GMT",
        "request-id": "76525667-0f28-471e-8ccd-ca5aefe9a483",
        "Server": "Microsoft-HTTPAPI/2.0",
        "Strict-Transport-Security": "max-age=31536000; includeSubDomains",
        "Transfer-Encoding": "chunked",
        "X-Content-Type-Options": "nosniff"
      },
      "ResponseBody": {
        "odata.metadata": "https://endpoint/$metadata#nodes",
        "value": [
          {
            "id": "tvmps_3531165c74d7e214ae88b756bece039cb6f6725bcb195b57080bc3c739f09094_d",
            "url": "https://endpoint/pools/JSSDKTest-Pool-Endpoint-8190/nodes/tvmps_3531165c74d7e214ae88b756bece039cb6f6725bcb195b57080bc3c739f09094_d",
            "state": "creating",
            "schedulingState": "enabled",
            "stateTransitionTime": "2023-05-09T07:09:48.4540167Z",
            "allocationTime": "2023-05-09T07:09:48.4540167Z",
            "ipAddress": "10.0.0.4",
            "affinityId": "TVM:tvmps_3531165c74d7e214ae88b756bece039cb6f6725bcb195b57080bc3c739f09094_d",
            "vmSize": "standard_a1_v2",
            "totalTasksRun": 0,
            "totalTasksSucceeded": 0,
            "runningTasksCount": 0,
            "runningTaskSlotsCount": 0,
            "isDedicated": true,
            "endpointConfiguration": {
              "inboundEndpoints": [
                {
                  "name": "TestEndpointConfig.0",
                  "protocol": "udp",
                  "publicIPAddress": "20.206.170.6",
                  "publicFQDN": "dnsaaefee73-6191-435a-a089-e3bd4e8e4027-azurebatch-cloudservice.brazilsouth.cloudapp.azure.com",
                  "frontendPort": 60000,
                  "backendPort": 64444
                },
                {
                  "name": "SSHRule.0",
                  "protocol": "tcp",
                  "publicIPAddress": "20.206.170.6",
                  "publicFQDN": "dnsaaefee73-6191-435a-a089-e3bd4e8e4027-azurebatch-cloudservice.brazilsouth.cloudapp.azure.com",
                  "frontendPort": 50000,
                  "backendPort": 22
                }
              ]
            },
            "virtualMachineInfo": {
              "imageReference": {
                "publisher": "Canonical",
                "offer": "UbuntuServer",
                "sku": "18.04-LTS",
                "version": "latest",
                "exactVersion": "18.04.202305010"
              }
            }
          }
        ]
      }
    }
  ],
  "Variables": {
    "ENDPOINT_POOL": "JSSDKTest-Pool-Endpoint-8190"
  }
}
