{
  "Entries": [
    {
      "RequestUri": "https://endpoint/routing/distributionPolicies/test-d-policy-recorded-queues?api-version=2023-11-01",
      "RequestMethod": "PATCH",
      "RequestHeaders": {
        "Accept": "application/json",
        "Accept-Encoding": "gzip,deflate",
        "Authorization": "Sanitized",
        "Connection": "keep-alive",
        "Content-Length": "157",
        "Content-Type": "application/merge-patch\u002Bjson",
        "User-Agent": "azsdk-js-communication-job-router-rest/1.0.0-beta.1 core-rest-pipeline/1.12.3 Node/v18.18.2 OS/(x64-Windows_NT-10.0.22621)",
        "x-ms-client-request-id": "91f77b48-2f0d-40da-8c4f-d278a77daf1d",
        "x-ms-content-sha256": "iRU4FoF\u002BSHDyek4I2mTj9UxqfsCodrYA4ivTcF4xVFQ=",
        "x-ms-date": "Mon, 06 Nov 2023 23:27:24 GMT"
      },
      "RequestBody": {
        "name": "test-d-policy",
        "offerExpiresAfterSeconds": 60,
        "mode": {
          "kind": "longest-idle",
          "minConcurrentOffers": 1,
          "maxConcurrentOffers": 5,
          "bypassSelectors": false
        }
      },
      "StatusCode": 200,
      "ResponseHeaders": {
        "api-supported-versions": "2021-04-07-preview1, 2022-07-18-preview, 2023-08-25-preview, 2023-11-01",
        "Content-Type": "application/json; charset=utf-8",
        "Date": "Mon, 06 Nov 2023 23:27:24 GMT",
        "ETag": "\u0022ea0309b0-0000-0700-0000-6549765b0000\u0022",
        "Last-Modified": "Mon, 06 Nov 2023 23:27:23 GMT",
        "Request-Context": "appId=",
        "trace-id": "60461154-9a62-f5f8-0feb-0b82cb1561f7",
        "Transfer-Encoding": "chunked",
        "X-Azure-Ref": "0XHZJZQAAAABlnoEJzRtbSaDr7Mw8lwAwV1NURURHRTAxMTUAOWZjN2I1MTktYThjYy00Zjg5LTkzNWUtYzkxNDhhZTA5ZTgx",
        "X-Cache": "CONFIG_NOCACHE"
      },
      "ResponseBody": {
        "id": "test-d-policy-recorded-queues",
        "name": "test-d-policy",
        "offerExpiresAfterSeconds": 60,
        "mode": {
          "kind": "longest-idle",
          "minConcurrentOffers": 1,
          "maxConcurrentOffers": 5,
          "bypassSelectors": false
        },
        "etag": "\u0022ea0309b0-0000-0700-0000-6549765b0000\u0022"
      }
    },
    {
      "RequestUri": "https://endpoint/routing/exceptionPolicies/test-e-policy-recorded-queues?api-version=2023-11-01",
      "RequestMethod": "PATCH",
      "RequestHeaders": {
        "Accept": "application/json",
        "Accept-Encoding": "gzip,deflate",
        "Authorization": "Sanitized",
        "Connection": "keep-alive",
        "Content-Length": "201",
        "Content-Type": "application/merge-patch\u002Bjson",
        "User-Agent": "azsdk-js-communication-job-router-rest/1.0.0-beta.1 core-rest-pipeline/1.12.3 Node/v18.18.2 OS/(x64-Windows_NT-10.0.22621)",
        "x-ms-client-request-id": "d2609cc6-47f5-44b9-91df-3072941f7b0c",
        "x-ms-content-sha256": "Cra0Om0ZqhFeDkbLieY\u002Bv\u002B7gXRaJ3OqYfEy3xRhld5Y=",
        "x-ms-date": "Mon, 06 Nov 2023 23:27:24 GMT"
      },
      "RequestBody": {
        "name": "test-e-policy",
        "exceptionRules": [
          {
            "id": "MaxWaitTimeExceededCancel",
            "actions": [
              {
                "kind": "cancel",
                "note": "wait time exceeded; cancelling"
              }
            ],
            "trigger": {
              "kind": "wait-time",
              "thresholdSeconds": 10
            }
          }
        ]
      },
      "StatusCode": 200,
      "ResponseHeaders": {
        "api-supported-versions": "2021-04-07-preview1, 2022-07-18-preview, 2023-08-25-preview, 2023-11-01",
        "Content-Type": "application/json; charset=utf-8",
        "Date": "Mon, 06 Nov 2023 23:27:24 GMT",
        "ETag": "\u0022a61ccc8d-0000-0700-0000-6549765d0000\u0022",
        "Last-Modified": "Mon, 06 Nov 2023 23:27:25 GMT",
        "Request-Context": "appId=",
        "trace-id": "81262564-e893-c3a7-3ff8-7da416b5eb36",
        "Transfer-Encoding": "chunked",
        "X-Azure-Ref": "0XHZJZQAAAABpOzt/rrh8S7DzlakhgGc0V1NURURHRTAxMTUAOWZjN2I1MTktYThjYy00Zjg5LTkzNWUtYzkxNDhhZTA5ZTgx",
        "X-Cache": "CONFIG_NOCACHE"
      },
      "ResponseBody": {
        "id": "test-e-policy-recorded-queues",
        "name": "test-e-policy",
        "exceptionRules": [
          {
            "id": "MaxWaitTimeExceededCancel",
            "trigger": {
              "kind": "wait-time",
              "thresholdSeconds": 10
            },
            "actions": [
              {
                "kind": "cancel",
                "note": "wait time exceeded; cancelling",
                "id": "d93ac84d-8bee-4630-b895-0f714e4fcec8"
              }
            ]
          }
        ],
        "etag": "\u0022a61ccc8d-0000-0700-0000-6549765d0000\u0022"
      }
    },
    {
      "RequestUri": "https://endpoint/routing/queues?maxpagesize=20\u0026api-version=2023-11-01",
      "RequestMethod": "GET",
      "RequestHeaders": {
        "Accept": "application/json",
        "Accept-Encoding": "gzip,deflate",
        "Authorization": "Sanitized",
        "Connection": "keep-alive",
        "User-Agent": "azsdk-js-communication-job-router-rest/1.0.0-beta.1 core-rest-pipeline/1.12.3 Node/v18.18.2 OS/(x64-Windows_NT-10.0.22621)",
        "x-ms-client-request-id": "7bcbfe1a-a685-4545-a7b1-c8548d9a88ad",
        "x-ms-content-sha256": "47DEQpj8HBSa\u002B/TImW\u002B5JCeuQeRkm5NMpJWZG3hSuFU=",
        "x-ms-date": "Mon, 06 Nov 2023 23:27:24 GMT"
      },
      "RequestBody": null,
      "StatusCode": 200,
      "ResponseHeaders": {
        "api-supported-versions": "2021-04-07-preview1, 2022-07-18-preview, 2023-08-25-preview, 2023-11-01",
        "Content-Type": "application/json; charset=utf-8",
        "Date": "Mon, 06 Nov 2023 23:27:24 GMT",
        "Request-Context": "appId=",
        "trace-id": "5578c05f-3c06-d728-fc0f-fae288ca8808",
        "Transfer-Encoding": "chunked",
        "X-Azure-Ref": "0XXZJZQAAAABnru08cJVIQI/I/W/8BQU4V1NURURHRTAxMTUAOWZjN2I1MTktYThjYy00Zjg5LTkzNWUtYzkxNDhhZTA5ZTgx",
        "X-Cache": "CONFIG_NOCACHE"
      },
      "ResponseBody": {
        "value": [
          {
            "id": "test-a-queue-recorded-queues",
            "distributionPolicyId": "test-d-policy-recorded-queues",
            "labels": {
              "Id": "test-a-queue-recorded-queues"
            },
            "exceptionPolicyId": "test-e-policy-recorded-queues",
            "etag": "\u00229204e0ea-0000-0700-0000-6549765c0000\u0022"
          },
          {
            "id": "queue-123",
            "name": "Main",
            "distributionPolicyId": "distribution-policy-123",
            "labels": {
              "Id": "queue-123"
            },
            "etag": "\u00226504107a-0000-0700-0000-654863b10000\u0022"
          },
          {
            "id": "test-a-queue-recorded-jobs",
            "name": "test-a-queue",
            "distributionPolicyId": "test-d-policy-recorded-jobs",
            "labels": {
              "Id": "test-a-queue-recorded-jobs"
            },
            "exceptionPolicyId": "test-e-policy-recorded-jobs",
            "etag": "\u0022e2036717-0000-0700-0000-65457e970000\u0022"
          },
          {
            "id": "queue-383b50ca-e500-4582-a7e0-a492bb505c66-5",
            "name": "queue-383b50ca-e500-4582-a7e0-a492bb505c66-5",
            "distributionPolicyId": "DP-383b50ca-e500-4582-a7e0-a492bb505c66-5",
            "labels": {
              "Id": "queue-383b50ca-e500-4582-a7e0-a492bb505c66-5"
            },
            "etag": "\u002254043079-0000-0700-0000-64260fed0000\u0022"
          },
          {
            "id": "queue-383b50ca-e500-4582-a7e0-a492bb505c66-4",
            "name": "queue-383b50ca-e500-4582-a7e0-a492bb505c66-4",
            "distributionPolicyId": "DP-383b50ca-e500-4582-a7e0-a492bb505c66-4",
            "labels": {
              "Id": "queue-383b50ca-e500-4582-a7e0-a492bb505c66-4"
            },
            "etag": "\u002254040b79-0000-0700-0000-64260fed0000\u0022"
          },
          {
            "id": "queue-383b50ca-e500-4582-a7e0-a492bb505c66-3",
            "name": "queue-383b50ca-e500-4582-a7e0-a492bb505c66-3",
            "distributionPolicyId": "DP-383b50ca-e500-4582-a7e0-a492bb505c66-3",
            "labels": {
              "Id": "queue-383b50ca-e500-4582-a7e0-a492bb505c66-3"
            },
            "etag": "\u00225404d278-0000-0700-0000-64260fec0000\u0022"
          },
          {
            "id": "queue-383b50ca-e500-4582-a7e0-a492bb505c66-2",
            "name": "queue-383b50ca-e500-4582-a7e0-a492bb505c66-2",
            "distributionPolicyId": "DP-383b50ca-e500-4582-a7e0-a492bb505c66-2",
            "labels": {
              "Id": "queue-383b50ca-e500-4582-a7e0-a492bb505c66-2"
            },
            "etag": "\u00225404a878-0000-0700-0000-64260feb0000\u0022"
          },
          {
            "id": "queue-383b50ca-e500-4582-a7e0-a492bb505c66-1",
            "name": "queue-383b50ca-e500-4582-a7e0-a492bb505c66-1",
            "distributionPolicyId": "DP-383b50ca-e500-4582-a7e0-a492bb505c66-1",
            "labels": {
              "Id": "queue-383b50ca-e500-4582-a7e0-a492bb505c66-1"
            },
            "etag": "\u002254047d78-0000-0700-0000-64260fea0000\u0022"
          },
          {
            "id": "queue-d163fedf-d1c9-4392-9767-fc164282eda0-5",
            "name": "queue-d163fedf-d1c9-4392-9767-fc164282eda0-5",
            "distributionPolicyId": "DP-d163fedf-d1c9-4392-9767-fc164282eda0-5",
            "labels": {
              "Id": "queue-d163fedf-d1c9-4392-9767-fc164282eda0-5"
            },
            "etag": "\u002254049b6e-0000-0700-0000-64260fb40000\u0022"
          },
          {
            "id": "queue-d163fedf-d1c9-4392-9767-fc164282eda0-4",
            "name": "queue-d163fedf-d1c9-4392-9767-fc164282eda0-4",
            "distributionPolicyId": "DP-d163fedf-d1c9-4392-9767-fc164282eda0-4",
            "labels": {
              "Id": "queue-d163fedf-d1c9-4392-9767-fc164282eda0-4"
            },
            "etag": "\u00225404736e-0000-0700-0000-64260fb40000\u0022"
          },
          {
            "id": "queue-d163fedf-d1c9-4392-9767-fc164282eda0-3",
            "name": "queue-d163fedf-d1c9-4392-9767-fc164282eda0-3",
            "distributionPolicyId": "DP-d163fedf-d1c9-4392-9767-fc164282eda0-3",
            "labels": {
              "Id": "queue-d163fedf-d1c9-4392-9767-fc164282eda0-3"
            },
            "etag": "\u002254044b6e-0000-0700-0000-64260fb30000\u0022"
          },
          {
            "id": "queue-d163fedf-d1c9-4392-9767-fc164282eda0-2",
            "name": "queue-d163fedf-d1c9-4392-9767-fc164282eda0-2",
            "distributionPolicyId": "DP-d163fedf-d1c9-4392-9767-fc164282eda0-2",
            "labels": {
              "Id": "queue-d163fedf-d1c9-4392-9767-fc164282eda0-2"
            },
            "etag": "\u00225404286e-0000-0700-0000-64260fb20000\u0022"
          },
          {
            "id": "queue-d163fedf-d1c9-4392-9767-fc164282eda0-1",
            "name": "queue-d163fedf-d1c9-4392-9767-fc164282eda0-1",
            "distributionPolicyId": "DP-d163fedf-d1c9-4392-9767-fc164282eda0-1",
            "labels": {
              "Id": "queue-d163fedf-d1c9-4392-9767-fc164282eda0-1"
            },
            "etag": "\u00225404fd6d-0000-0700-0000-64260fb10000\u0022"
          }
        ]
      }
    },
    {
      "RequestUri": "https://endpoint/routing/distributionPolicies/test-d-policy-recorded-queues?api-version=2023-11-01",
      "RequestMethod": "DELETE",
      "RequestHeaders": {
        "Accept": "application/json",
        "Accept-Encoding": "gzip,deflate",
        "Authorization": "Sanitized",
        "Connection": "keep-alive",
        "User-Agent": "azsdk-js-communication-job-router-rest/1.0.0-beta.1 core-rest-pipeline/1.12.3 Node/v18.18.2 OS/(x64-Windows_NT-10.0.22621)",
        "x-ms-client-request-id": "57e7c3c5-6dd2-4d00-bd18-70773e5342cf",
        "x-ms-content-sha256": "47DEQpj8HBSa\u002B/TImW\u002B5JCeuQeRkm5NMpJWZG3hSuFU=",
        "x-ms-date": "Mon, 06 Nov 2023 23:27:25 GMT"
      },
      "RequestBody": null,
      "StatusCode": 400,
      "ResponseHeaders": {
        "api-supported-versions": "2021-04-07-preview1, 2022-07-18-preview, 2023-08-25-preview, 2023-11-01",
        "Content-Type": "application/json; charset=utf-8",
        "Date": "Mon, 06 Nov 2023 23:27:25 GMT",
        "Request-Context": "appId=",
        "trace-id": "872e71db-14d8-4dfc-647f-03d57be93b6c",
        "Transfer-Encoding": "chunked",
        "X-Azure-Ref": "0XXZJZQAAAACPbG1QWzhMSIj6orGF479CV1NURURHRTAxMTUAOWZjN2I1MTktYThjYy00Zjg5LTkzNWUtYzkxNDhhZTA5ZTgx",
        "X-Cache": "CONFIG_NOCACHE"
      },
      "ResponseBody": {
        "communicationError": {
          "code": "BadRequest",
          "message": "One or more validation errors occurred.",
          "target": "/routing/distributionPolicies/test-d-policy-recorded-queues",
          "details": [
            {
              "code": "QueueExistsWithDistributionPolicy",
              "message": "There is a queue with this distribution policy"
            }
          ]
        }
      }
    },
    {
      "RequestUri": "https://endpoint/routing/exceptionPolicies/test-e-policy-recorded-queues?api-version=2023-11-01",
      "RequestMethod": "DELETE",
      "RequestHeaders": {
        "Accept": "application/json",
        "Accept-Encoding": "gzip,deflate",
        "Authorization": "Sanitized",
        "Connection": "keep-alive",
        "User-Agent": "azsdk-js-communication-job-router-rest/1.0.0-beta.1 core-rest-pipeline/1.12.3 Node/v18.18.2 OS/(x64-Windows_NT-10.0.22621)",
        "x-ms-client-request-id": "5f53b931-ecad-4177-a8e2-c0988092a888",
        "x-ms-content-sha256": "47DEQpj8HBSa\u002B/TImW\u002B5JCeuQeRkm5NMpJWZG3hSuFU=",
        "x-ms-date": "Mon, 06 Nov 2023 23:27:25 GMT"
      },
      "RequestBody": null,
      "StatusCode": 400,
      "ResponseHeaders": {
        "api-supported-versions": "2021-04-07-preview1, 2022-07-18-preview, 2023-08-25-preview, 2023-11-01",
        "Content-Type": "application/json; charset=utf-8",
        "Date": "Mon, 06 Nov 2023 23:27:25 GMT",
        "Request-Context": "appId=",
        "trace-id": "e871284a-e7fb-16aa-bd0e-5905c6675b72",
        "Transfer-Encoding": "chunked",
        "X-Azure-Ref": "0XXZJZQAAAAD5ozJwvXyOTq56rkijQ79PV1NURURHRTAxMTUAOWZjN2I1MTktYThjYy00Zjg5LTkzNWUtYzkxNDhhZTA5ZTgx",
        "X-Cache": "CONFIG_NOCACHE"
      },
      "ResponseBody": {
        "communicationError": {
          "code": "BadRequest",
          "message": "One or more validation errors occurred.",
          "target": "/routing/exceptionPolicies/test-e-policy-recorded-queues",
          "details": [
            {
              "code": "QueueExistsWithExceptionPolicy",
              "message": "There is a queue with this exception policy"
            }
          ]
        }
      }
    }
  ],
  "Variables": {}
}
