{
  "Entries": [
    {
      "RequestUri": "https://endpoint/routing/distributionPolicies/test-d-policy-recorded-workers?api-version=2023-11-01",
      "RequestMethod": "PATCH",
      "RequestHeaders": {
        "Accept": "application/json",
        "Accept-Encoding": "gzip, deflate, br",
        "Accept-Language": "en-GB",
        "Authorization": "Sanitized",
        "Connection": "keep-alive",
        "Content-Length": "157",
        "Content-Type": "application/merge-patch\u002Bjson",
        "Referer": "http://localhost:9876/",
        "sec-ch-ua": "",
        "sec-ch-ua-mobile": "?0",
        "sec-ch-ua-platform": "\u0022\u0022",
        "Sec-Fetch-Dest": "empty",
        "Sec-Fetch-Mode": "cors",
        "Sec-Fetch-Site": "same-site",
        "User-Agent": "Mozilla/5.0 (Windows NT 10.0; Win64; x64) AppleWebKit/537.36 (KHTML, like Gecko) HeadlessChrome/112.0.5614.0 Safari/537.36",
        "x-ms-client-request-id": "e4837b7b-6d8a-4d4c-a3df-a26116e577a8",
        "x-ms-content-sha256": "iRU4FoF\u002BSHDyek4I2mTj9UxqfsCodrYA4ivTcF4xVFQ=",
        "x-ms-date": "Thu, 09 Nov 2023 19:04:29 GMT",
        "x-ms-useragent": "azsdk-js-communication-job-router-rest/1.0.0-beta.1 core-rest-pipeline/1.12.3 OS"
      },
      "RequestBody": {
        "name": "test-d-policy",
        "offerExpiresAfterSeconds": 60,
        "mode": {
          "kind": "longest-idle",
          "minConcurrentOffers": 1,
          "maxConcurrentOffers": 5,
          "bypassSelectors": false
        }
      },
      "StatusCode": 200,
      "ResponseHeaders": {
        "api-supported-versions": "2021-04-07-preview1, 2022-07-18-preview, 2023-08-25-preview, 2023-11-01",
        "Content-Type": "application/json; charset=utf-8",
        "Date": "Thu, 09 Nov 2023 19:04:29 GMT",
        "ETag": "\u0022b3035cb8-0000-0700-0000-6545772f0000\u0022",
        "Last-Modified": "Fri, 03 Nov 2023 22:41:51 GMT",
        "Request-Context": "appId=",
        "trace-id": "1c56a656-f207-baf5-c940-ede5fc2d3506",
        "Transfer-Encoding": "chunked",
        "X-Azure-Ref": "0Pi1NZQAAAABNE4\u002BqBeOVQ4ySrYzJEpSpV1NURURHRTA4MTcAOWZjN2I1MTktYThjYy00Zjg5LTkzNWUtYzkxNDhhZTA5ZTgx",
        "X-Cache": "CONFIG_NOCACHE"
      },
      "ResponseBody": {
        "id": "test-d-policy-recorded-workers",
        "name": "test-d-policy",
        "offerExpiresAfterSeconds": 60,
        "mode": {
          "kind": "longest-idle",
          "minConcurrentOffers": 1,
          "maxConcurrentOffers": 5,
          "bypassSelectors": false
        },
        "etag": "\u0022b3035cb8-0000-0700-0000-6545772f0000\u0022"
      }
    },
    {
      "RequestUri": "https://endpoint/routing/exceptionPolicies/test-e-policy-recorded-workers?api-version=2023-11-01",
      "RequestMethod": "PATCH",
      "RequestHeaders": {
        "Accept": "application/json",
        "Accept-Encoding": "gzip, deflate, br",
        "Accept-Language": "en-GB",
        "Authorization": "Sanitized",
        "Connection": "keep-alive",
        "Content-Length": "201",
        "Content-Type": "application/merge-patch\u002Bjson",
        "Referer": "http://localhost:9876/",
        "sec-ch-ua": "",
        "sec-ch-ua-mobile": "?0",
        "sec-ch-ua-platform": "\u0022\u0022",
        "Sec-Fetch-Dest": "empty",
        "Sec-Fetch-Mode": "cors",
        "Sec-Fetch-Site": "same-site",
        "User-Agent": "Mozilla/5.0 (Windows NT 10.0; Win64; x64) AppleWebKit/537.36 (KHTML, like Gecko) HeadlessChrome/112.0.5614.0 Safari/537.36",
        "x-ms-client-request-id": "49dd7c2a-0e9b-424f-b61e-8ae7592fbd6f",
        "x-ms-content-sha256": "Cra0Om0ZqhFeDkbLieY\u002Bv\u002B7gXRaJ3OqYfEy3xRhld5Y=",
        "x-ms-date": "Thu, 09 Nov 2023 19:04:29 GMT",
        "x-ms-useragent": "azsdk-js-communication-job-router-rest/1.0.0-beta.1 core-rest-pipeline/1.12.3 OS"
      },
      "RequestBody": {
        "name": "test-e-policy",
        "exceptionRules": [
          {
            "id": "MaxWaitTimeExceededCancel",
            "actions": [
              {
                "kind": "cancel",
                "note": "wait time exceeded; cancelling"
              }
            ],
            "trigger": {
              "kind": "wait-time",
              "thresholdSeconds": 10
            }
          }
        ]
      },
      "StatusCode": 200,
      "ResponseHeaders": {
        "api-supported-versions": "2021-04-07-preview1, 2022-07-18-preview, 2023-08-25-preview, 2023-11-01",
        "Content-Type": "application/json; charset=utf-8",
        "Date": "Thu, 09 Nov 2023 19:04:30 GMT",
        "ETag": "\u00222c2126a6-0000-0700-0000-654d2d3e0000\u0022",
        "Last-Modified": "Thu, 09 Nov 2023 19:04:30 GMT",
        "Request-Context": "appId=",
        "trace-id": "29325474-05f8-e551-da38-952b9ea119d0",
        "Transfer-Encoding": "chunked",
        "X-Azure-Ref": "0Pi1NZQAAAABazWW8eq/eRpXxDufzUvLYV1NURURHRTA4MTcAOWZjN2I1MTktYThjYy00Zjg5LTkzNWUtYzkxNDhhZTA5ZTgx",
        "X-Cache": "CONFIG_NOCACHE"
      },
      "ResponseBody": {
        "id": "test-e-policy-recorded-workers",
        "name": "test-e-policy",
        "exceptionRules": [
          {
            "id": "MaxWaitTimeExceededCancel",
            "trigger": {
              "kind": "wait-time",
              "thresholdSeconds": 10
            },
            "actions": [
              {
                "kind": "cancel",
                "note": "wait time exceeded; cancelling",
                "id": "779c1bff-759a-46e3-ace0-dcdbfd457040"
              }
            ]
          }
        ],
        "etag": "\u00222c2126a6-0000-0700-0000-654d2d3e0000\u0022"
      }
    },
    {
      "RequestUri": "https://endpoint/routing/queues/test-a-queue-recorded-workers?api-version=2023-11-01",
      "RequestMethod": "PATCH",
      "RequestHeaders": {
        "Accept": "application/json",
        "Accept-Encoding": "gzip, deflate, br",
        "Accept-Language": "en-GB",
        "Authorization": "Sanitized",
        "Connection": "keep-alive",
        "Content-Length": "181",
        "Content-Type": "application/merge-patch\u002Bjson",
        "Referer": "http://localhost:9876/",
        "sec-ch-ua": "",
        "sec-ch-ua-mobile": "?0",
        "sec-ch-ua-platform": "\u0022\u0022",
        "Sec-Fetch-Dest": "empty",
        "Sec-Fetch-Mode": "cors",
        "Sec-Fetch-Site": "same-site",
        "User-Agent": "Mozilla/5.0 (Windows NT 10.0; Win64; x64) AppleWebKit/537.36 (KHTML, like Gecko) HeadlessChrome/112.0.5614.0 Safari/537.36",
        "x-ms-client-request-id": "8a48ce54-82b3-4abd-b42b-fe2ef494d61a",
        "x-ms-content-sha256": "aTaO7w8QJi3buPGXcLIfMb4BN0kUNaNJHI2OoHl6w2I=",
        "x-ms-date": "Thu, 09 Nov 2023 19:04:29 GMT",
        "x-ms-useragent": "azsdk-js-communication-job-router-rest/1.0.0-beta.1 core-rest-pipeline/1.12.3 OS"
      },
      "RequestBody": {
        "id": "test-a-queue-recorded-workers",
        "name": "test-a-queue",
        "exceptionPolicyId": "test-e-policy-recorded-workers",
        "distributionPolicyId": "test-d-policy-recorded-workers",
        "labels": {}
      },
      "StatusCode": 200,
      "ResponseHeaders": {
        "api-supported-versions": "2021-04-07-preview1, 2022-07-18-preview, 2023-08-25-preview, 2023-11-01",
        "Content-Type": "application/json; charset=utf-8",
        "Date": "Thu, 09 Nov 2023 19:04:30 GMT",
        "ETag": "\u002265055cea-0000-0700-0000-654d2d3d0000\u0022",
        "Last-Modified": "Thu, 09 Nov 2023 19:04:29 GMT",
        "Request-Context": "appId=",
        "trace-id": "f701d905-1a81-bdd8-c91d-fadef52101ba",
        "Transfer-Encoding": "chunked",
        "X-Azure-Ref": "0Pi1NZQAAAAD4\u002B/KSEKLZRq/dzOIXhv/9V1NURURHRTA4MTcAOWZjN2I1MTktYThjYy00Zjg5LTkzNWUtYzkxNDhhZTA5ZTgx",
        "X-Cache": "CONFIG_NOCACHE"
      },
      "ResponseBody": {
        "id": "test-a-queue-recorded-workers",
        "name": "test-a-queue",
        "distributionPolicyId": "test-d-policy-recorded-workers",
        "labels": {
          "Id": "test-a-queue-recorded-workers"
        },
        "exceptionPolicyId": "test-e-policy-recorded-workers",
        "etag": "\u002265055cea-0000-0700-0000-654d2d3d0000\u0022"
      }
    },
    {
      "RequestUri": "https://endpoint/routing/workers/test-worker-recorded-workers?api-version=2023-11-01",
      "RequestMethod": "PATCH",
      "RequestHeaders": {
        "Accept": "application/json",
        "Accept-Encoding": "gzip, deflate, br",
        "Accept-Language": "en-GB",
        "Authorization": "Sanitized",
        "Connection": "keep-alive",
        "Content-Length": "249",
        "Content-Type": "application/merge-patch\u002Bjson",
        "Referer": "http://localhost:9876/",
        "sec-ch-ua": "",
        "sec-ch-ua-mobile": "?0",
        "sec-ch-ua-platform": "\u0022\u0022",
        "Sec-Fetch-Dest": "empty",
        "Sec-Fetch-Mode": "cors",
        "Sec-Fetch-Site": "same-site",
        "User-Agent": "Mozilla/5.0 (Windows NT 10.0; Win64; x64) AppleWebKit/537.36 (KHTML, like Gecko) HeadlessChrome/112.0.5614.0 Safari/537.36",
        "x-ms-client-request-id": "c31c5ee4-eab9-4bc3-b39d-6cf08b7baf8e",
        "x-ms-content-sha256": "ki3de3OUGh89bpVaJOv8\u002B63mywgrN9fZySWmPyYV6ao=",
        "x-ms-date": "Thu, 09 Nov 2023 19:04:30 GMT",
        "x-ms-useragent": "azsdk-js-communication-job-router-rest/1.0.0-beta.1 core-rest-pipeline/1.12.3 OS"
      },
      "RequestBody": {
        "id": "test-worker-recorded-workers",
        "capacity": 100,
        "availableForOffers": false,
        "queues": [
          "test-a-queue-recorded-workers"
        ],
        "channels": [
          {
            "channelId": "test-channel",
            "capacityCostPerJob": 1
          }
        ],
        "labels": {
          "label1": "label1value"
        },
        "tags": {
          "tag1": "tag1value"
        }
      },
      "StatusCode": 200,
      "ResponseHeaders": {
        "api-supported-versions": "2021-04-07-preview1, 2022-07-18-preview, 2023-08-25-preview, 2023-11-01",
        "Content-Type": "application/json; charset=utf-8",
        "Date": "Thu, 09 Nov 2023 19:04:30 GMT",
        "ETag": "\u002200000001-0000-0000-a154-28b456e1db08\u0022",
        "Last-Modified": "Thu, 09 Nov 2023 19:04:30 GMT",
        "Request-Context": "appId=",
        "trace-id": "8be99277-23ec-1714-9a00-d984dceaa595",
        "Transfer-Encoding": "chunked",
        "X-Azure-Ref": "0Pi1NZQAAAABewW6wd9/fSYJH30A0PLm7V1NURURHRTA4MTcAOWZjN2I1MTktYThjYy00Zjg5LTkzNWUtYzkxNDhhZTA5ZTgx",
        "X-Cache": "CONFIG_NOCACHE"
      },
      "ResponseBody": {
        "id": "test-worker-recorded-workers",
        "state": "inactive",
        "queues": [
          "test-a-queue-recorded-workers"
        ],
        "capacity": 100,
        "labels": {
          "Id": "test-worker-recorded-workers",
          "label1": "label1value"
        },
        "tags": {
          "tag1": "tag1value"
        },
        "channels": [
          {
            "channelId": "test-channel",
            "capacityCostPerJob": 1
          }
        ],
        "offers": [],
        "assignedJobs": [],
        "loadRatio": 0,
        "availableForOffers": false,
        "etag": "\u002200000001-0000-0000-a154-28b456e1db08\u0022"
      }
    },
    {
      "RequestUri": "https://endpoint/routing/workers/test-worker-recorded-workers?api-version=2023-11-01",
      "RequestMethod": "PATCH",
      "RequestHeaders": {
        "Accept": "application/json",
        "Accept-Encoding": "gzip, deflate, br",
        "Accept-Language": "en-GB",
        "Authorization": "Sanitized",
        "Connection": "keep-alive",
        "Content-Length": "209",
        "Content-Type": "application/merge-patch\u002Bjson",
        "Referer": "http://localhost:9876/",
        "sec-ch-ua": "",
        "sec-ch-ua-mobile": "?0",
        "sec-ch-ua-platform": "\u0022\u0022",
        "Sec-Fetch-Dest": "empty",
        "Sec-Fetch-Mode": "cors",
        "Sec-Fetch-Site": "same-site",
        "User-Agent": "Mozilla/5.0 (Windows NT 10.0; Win64; x64) AppleWebKit/537.36 (KHTML, like Gecko) HeadlessChrome/112.0.5614.0 Safari/537.36",
        "x-ms-client-request-id": "02ec2512-293a-41e4-9d99-85228a8c9050",
        "x-ms-content-sha256": "\u002B/m3Yp26Knrc0jJLhE0T/LjrNLWvwuPSmxDqI440ZH4=",
        "x-ms-date": "Thu, 09 Nov 2023 19:04:30 GMT",
        "x-ms-useragent": "azsdk-js-communication-job-router-rest/1.0.0-beta.1 core-rest-pipeline/1.12.3 OS"
      },
      "RequestBody": {
        "id": "test-worker-recorded-workers",
        "capacity": 1,
        "availableForOffers": false,
        "queues": [
          "test-a-queue-recorded-workers"
        ],
        "channels": [
          {
            "channelId": "test-channel",
            "capacityCostPerJob": 1
          }
        ],
        "labels": {},
        "tags": null
      },
      "StatusCode": 200,
      "ResponseHeaders": {
        "api-supported-versions": "2021-04-07-preview1, 2022-07-18-preview, 2023-08-25-preview, 2023-11-01",
        "Content-Type": "application/json; charset=utf-8",
        "Date": "Thu, 09 Nov 2023 19:04:30 GMT",
        "ETag": "\u002200000002-0000-0000-04b5-3bb456e1db08\u0022",
        "Last-Modified": "Thu, 09 Nov 2023 19:04:31 GMT",
        "Request-Context": "appId=",
        "trace-id": "6b69aaf1-bd85-4fab-96e4-59d556f687ef",
        "Transfer-Encoding": "chunked",
        "X-Azure-Ref": "0Pi1NZQAAAAAfG9ZuSnlqQo8ydhQsq4g2V1NURURHRTA4MTcAOWZjN2I1MTktYThjYy00Zjg5LTkzNWUtYzkxNDhhZTA5ZTgx",
        "X-Cache": "CONFIG_NOCACHE"
      },
      "ResponseBody": {
        "id": "test-worker-recorded-workers",
        "state": "inactive",
        "queues": [
          "test-a-queue-recorded-workers"
        ],
        "capacity": 1,
        "labels": {
          "Id": "test-worker-recorded-workers",
          "label1": "label1value"
        },
        "tags": {},
        "channels": [
          {
            "channelId": "test-channel",
            "capacityCostPerJob": 1
          }
        ],
        "offers": [],
        "assignedJobs": [],
        "loadRatio": 0,
        "availableForOffers": false,
        "etag": "\u002200000002-0000-0000-04b5-3bb456e1db08\u0022"
      }
    },
    {
      "RequestUri": "https://endpoint/routing/distributionPolicies/test-d-policy-recorded-workers?api-version=2023-11-01",
      "RequestMethod": "DELETE",
      "RequestHeaders": {
        "Accept": "application/json",
        "Accept-Encoding": "gzip, deflate, br",
        "Accept-Language": "en-GB",
        "Authorization": "Sanitized",
        "Connection": "keep-alive",
        "Referer": "http://localhost:9876/",
        "sec-ch-ua": "",
        "sec-ch-ua-mobile": "?0",
        "sec-ch-ua-platform": "\u0022\u0022",
        "Sec-Fetch-Dest": "empty",
        "Sec-Fetch-Mode": "cors",
        "Sec-Fetch-Site": "same-site",
        "User-Agent": "Mozilla/5.0 (Windows NT 10.0; Win64; x64) AppleWebKit/537.36 (KHTML, like Gecko) HeadlessChrome/112.0.5614.0 Safari/537.36",
        "x-ms-client-request-id": "613baee3-16b0-4440-a124-4a8d7a1f5658",
        "x-ms-content-sha256": "47DEQpj8HBSa\u002B/TImW\u002B5JCeuQeRkm5NMpJWZG3hSuFU=",
        "x-ms-date": "Thu, 09 Nov 2023 19:04:30 GMT",
        "x-ms-useragent": "azsdk-js-communication-job-router-rest/1.0.0-beta.1 core-rest-pipeline/1.12.3 OS"
      },
      "RequestBody": null,
      "StatusCode": 400,
      "ResponseHeaders": {
        "api-supported-versions": "2021-04-07-preview1, 2022-07-18-preview, 2023-08-25-preview, 2023-11-01",
        "Content-Type": "application/json; charset=utf-8",
        "Date": "Thu, 09 Nov 2023 19:04:30 GMT",
        "Request-Context": "appId=",
        "trace-id": "c6f5fda0-d27c-5365-4573-ec486827226e",
        "Transfer-Encoding": "chunked",
        "X-Azure-Ref": "0Py1NZQAAAABOFqlFVAnfT6g4S3BYqW9hV1NURURHRTA4MTcAOWZjN2I1MTktYThjYy00Zjg5LTkzNWUtYzkxNDhhZTA5ZTgx",
        "X-Cache": "CONFIG_NOCACHE"
      },
      "ResponseBody": {
        "communicationError": {
          "code": "BadRequest",
          "message": "One or more validation errors occurred.",
          "target": "/routing/distributionPolicies/test-d-policy-recorded-workers",
          "details": [
            {
              "code": "QueueExistsWithDistributionPolicy",
              "message": "There is a queue with this distribution policy"
            }
          ]
        }
      }
    },
    {
      "RequestUri": "https://endpoint/routing/exceptionPolicies/test-e-policy-recorded-workers?api-version=2023-11-01",
      "RequestMethod": "DELETE",
      "RequestHeaders": {
        "Accept": "application/json",
        "Accept-Encoding": "gzip, deflate, br",
        "Accept-Language": "en-GB",
        "Authorization": "Sanitized",
        "Connection": "keep-alive",
        "Referer": "http://localhost:9876/",
        "sec-ch-ua": "",
        "sec-ch-ua-mobile": "?0",
        "sec-ch-ua-platform": "\u0022\u0022",
        "Sec-Fetch-Dest": "empty",
        "Sec-Fetch-Mode": "cors",
        "Sec-Fetch-Site": "same-site",
        "User-Agent": "Mozilla/5.0 (Windows NT 10.0; Win64; x64) AppleWebKit/537.36 (KHTML, like Gecko) HeadlessChrome/112.0.5614.0 Safari/537.36",
        "x-ms-client-request-id": "3b6bbc40-d61d-4793-bd44-14feaa566312",
        "x-ms-content-sha256": "47DEQpj8HBSa\u002B/TImW\u002B5JCeuQeRkm5NMpJWZG3hSuFU=",
        "x-ms-date": "Thu, 09 Nov 2023 19:04:30 GMT",
        "x-ms-useragent": "azsdk-js-communication-job-router-rest/1.0.0-beta.1 core-rest-pipeline/1.12.3 OS"
      },
      "RequestBody": null,
      "StatusCode": 400,
      "ResponseHeaders": {
        "api-supported-versions": "2021-04-07-preview1, 2022-07-18-preview, 2023-08-25-preview, 2023-11-01",
        "Content-Type": "application/json; charset=utf-8",
        "Date": "Thu, 09 Nov 2023 19:04:30 GMT",
        "Request-Context": "appId=",
        "trace-id": "7c298bde-9ece-5b85-8202-a2b1757378a3",
        "Transfer-Encoding": "chunked",
        "X-Azure-Ref": "0Py1NZQAAAABzg/xghZdZTJi3yjxJpRLcV1NURURHRTA4MTcAOWZjN2I1MTktYThjYy00Zjg5LTkzNWUtYzkxNDhhZTA5ZTgx",
        "X-Cache": "CONFIG_NOCACHE"
      },
      "ResponseBody": {
        "communicationError": {
          "code": "BadRequest",
          "message": "One or more validation errors occurred.",
          "target": "/routing/exceptionPolicies/test-e-policy-recorded-workers",
          "details": [
            {
              "code": "QueueExistsWithExceptionPolicy",
              "message": "There is a queue with this exception policy"
            }
          ]
        }
      }
    },
    {
      "RequestUri": "https://endpoint/routing/queues/test-a-queue-recorded-workers?api-version=2023-11-01",
      "RequestMethod": "DELETE",
      "RequestHeaders": {
        "Accept": "application/json",
        "Accept-Encoding": "gzip, deflate, br",
        "Accept-Language": "en-GB",
        "Authorization": "Sanitized",
        "Connection": "keep-alive",
        "Referer": "http://localhost:9876/",
        "sec-ch-ua": "",
        "sec-ch-ua-mobile": "?0",
        "sec-ch-ua-platform": "\u0022\u0022",
        "Sec-Fetch-Dest": "empty",
        "Sec-Fetch-Mode": "cors",
        "Sec-Fetch-Site": "same-site",
        "User-Agent": "Mozilla/5.0 (Windows NT 10.0; Win64; x64) AppleWebKit/537.36 (KHTML, like Gecko) HeadlessChrome/112.0.5614.0 Safari/537.36",
        "x-ms-client-request-id": "dc5bb9be-e672-4d78-beb0-8146d17e4f82",
        "x-ms-content-sha256": "47DEQpj8HBSa\u002B/TImW\u002B5JCeuQeRkm5NMpJWZG3hSuFU=",
        "x-ms-date": "Thu, 09 Nov 2023 19:04:30 GMT",
        "x-ms-useragent": "azsdk-js-communication-job-router-rest/1.0.0-beta.1 core-rest-pipeline/1.12.3 OS"
      },
      "RequestBody": null,
      "StatusCode": 409,
      "ResponseHeaders": {
        "api-supported-versions": "2021-04-07-preview1, 2022-07-18-preview, 2023-08-25-preview, 2023-11-01",
        "Content-Type": "application/json; charset=utf-8",
        "Date": "Thu, 09 Nov 2023 19:04:30 GMT",
        "Request-Context": "appId=",
        "trace-id": "9fc8b5f5-4a8d-c140-116d-c7630aa01f14",
        "Transfer-Encoding": "chunked",
        "X-Azure-Ref": "0Py1NZQAAAADTNgqwLvRqRq2b/eQbrmmgV1NURURHRTA4MTcAOWZjN2I1MTktYThjYy00Zjg5LTkzNWUtYzkxNDhhZTA5ZTgx",
        "X-Cache": "CONFIG_NOCACHE"
      },
      "ResponseBody": {
        "communicationError": {
          "code": "Conflict",
          "message": "Validation failed: \r\n -- : There is an assigned worker to this queue",
          "target": "/routing/queues/test-a-queue-recorded-workers"
        }
      }
    }
  ],
  "Variables": {}
}
