{
  "Entries": [
    {
      "RequestUri": "https://endpoint/phoneNumbers/%2B14155550100/capabilities?api-version=2023-05-01-preview",
      "RequestMethod": "PATCH",
      "RequestHeaders": {
        "Accept": "application/json",
        "Accept-Encoding": "gzip,deflate",
        "Authorization": "Sanitized",
        "Connection": "keep-alive",
        "Content-Length": "35",
        "Content-Type": "application/merge-patch\u002Bjson",
        "User-Agent": "azsdk-js-communication-phone-numbers/1.2.1 core-rest-pipeline/1.12.3 Node/v18.18.1 OS/(x64-Windows_NT-10.0.22621)",
        "x-ms-client-request-id": "sanitized",
        "x-ms-content-sha256": "UC9kRixTqGBHL8/8LDOWaZFJCLceepyhWJ\u002B/vn6WEYQ=",
        "x-ms-date": "Wed, 06 Dec 2023 18:46:57 GMT"
      },
      "RequestBody": {
        "calling": "none",
        "sms": "outbound"
      },
      "StatusCode": 202,
      "ResponseHeaders": {
        "Access-Control-Expose-Headers": "Operation-Location,Location,operation-id,capabilities-id",
        "api-supported-versions": "2021-03-07, 2022-01-11-preview2, 2022-06-01-preview, 2022-12-01, 2022-12-02-preview2, 2023-05-01-preview, 2023-10-01-preview, 2024-01-31-preview",
        "capabilities-id": "sanitized",
        "Content-Length": "36",
        "Content-Type": "application/json; charset=utf-8",
        "Date": "Wed, 06 Dec 2023 18:46:59 GMT",
        "Location": "/phoneNumbers/\u002B14155550100?api-version=2023-05-01-preview",
        "MS-CV": "e0tBBIYE2EWgnfEr\u002BrGlJA.0",
        "operation-id": "capabilities_sanitized",
        "Operation-Location": "/phoneNumbers/operations/capabilities_sanitized?api-version=2023-05-01-preview",
        "Strict-Transport-Security": "max-age=2592000",
        "X-Azure-Ref": "0ocFwZQAAAACTOqH9BLsKRrP1ilviHU0RV1NURURHRTA4MTQAOWZjN2I1MTktYThjYy00Zjg5LTkzNWUtYzkxNDhhZTA5ZTgx",
        "X-Cache": "CONFIG_NOCACHE",
        "X-Processing-Time": "2972ms"
      },
      "ResponseBody": {
        "capabilitiesUpdateId": "sanitized"
      }
    },
    {
      "RequestUri": "https://endpoint/phoneNumbers/operations/capabilities_sanitized?api-version=2023-05-01-preview",
      "RequestMethod": "GET",
      "RequestHeaders": {
        "Accept": "application/json",
        "Accept-Encoding": "gzip,deflate",
        "Authorization": "Sanitized",
        "Connection": "keep-alive",
        "Content-Type": "application/merge-patch\u002Bjson",
        "User-Agent": "azsdk-js-communication-phone-numbers/1.2.1 core-rest-pipeline/1.12.3 Node/v18.18.1 OS/(x64-Windows_NT-10.0.22621)",
        "x-ms-client-request-id": "sanitized",
        "x-ms-content-sha256": "47DEQpj8HBSa\u002B/TImW\u002B5JCeuQeRkm5NMpJWZG3hSuFU=",
        "x-ms-date": "Wed, 06 Dec 2023 18:47:00 GMT"
      },
      "RequestBody": null,
      "StatusCode": 200,
      "ResponseHeaders": {
        "Access-Control-Expose-Headers": "Location",
        "api-supported-versions": "2021-03-07, 2022-01-11-preview2, 2022-06-01-preview, 2022-11-15-preview, 2022-12-01, 2022-12-02-preview2, 2023-05-01-preview, 2023-10-01-preview, 2024-01-31-preview",
        "Content-Type": "application/json; charset=utf-8",
        "Date": "Wed, 06 Dec 2023 18:46:59 GMT",
        "Location": "/phoneNumbers/\u002B14155550100?api-version=2023-05-01-preview",
        "MS-CV": "8ho7OzASD0GR8bWWoNrBUw.0",
        "Strict-Transport-Security": "max-age=2592000",
        "Transfer-Encoding": "chunked",
        "X-Azure-Ref": "0pMFwZQAAAACMXjNcfp33QIlkDqA1vkS\u002BV1NURURHRTA4MTQAOWZjN2I1MTktYThjYy00Zjg5LTkzNWUtYzkxNDhhZTA5ZTgx",
        "X-Cache": "CONFIG_NOCACHE",
        "X-Processing-Time": "213ms"
      },
      "ResponseBody": {
        "operationType": "updatePhoneNumberCapabilities",
        "status": "running",
        "resourceLocation": "/phoneNumbers/\u002B14155550100?api-version=2023-05-01-preview",
        "createdDateTime": "2023-12-06T18:46:59.6066841\u002B00:00",
        "id": "capabilities_sanitized",
        "lastActionDateTime": "0001-01-01T00:00:00\u002B00:00"
      }
    },
    {
      "RequestUri": "https://endpoint/phoneNumbers/operations/capabilities_sanitized?api-version=2023-05-01-preview",
      "RequestMethod": "GET",
      "RequestHeaders": {
        "Accept": "application/json",
        "Accept-Encoding": "gzip,deflate",
        "Authorization": "Sanitized",
        "Connection": "keep-alive",
        "Content-Type": "application/merge-patch\u002Bjson",
        "User-Agent": "azsdk-js-communication-phone-numbers/1.2.1 core-rest-pipeline/1.12.3 Node/v18.18.1 OS/(x64-Windows_NT-10.0.22621)",
        "x-ms-client-request-id": "sanitized",
        "x-ms-content-sha256": "47DEQpj8HBSa\u002B/TImW\u002B5JCeuQeRkm5NMpJWZG3hSuFU=",
        "x-ms-date": "Wed, 06 Dec 2023 18:47:00 GMT"
      },
      "RequestBody": null,
      "StatusCode": 200,
      "ResponseHeaders": {
        "Access-Control-Expose-Headers": "Location",
        "api-supported-versions": "2021-03-07, 2022-01-11-preview2, 2022-06-01-preview, 2022-11-15-preview, 2022-12-01, 2022-12-02-preview2, 2023-05-01-preview, 2023-10-01-preview, 2024-01-31-preview",
        "Content-Type": "application/json; charset=utf-8",
        "Date": "Wed, 06 Dec 2023 18:47:00 GMT",
        "Location": "/phoneNumbers/\u002B14155550100?api-version=2023-05-01-preview",
        "MS-CV": "7BZ8UhmQBkKN8UqvjX66pQ.0",
        "Strict-Transport-Security": "max-age=2592000",
        "Transfer-Encoding": "chunked",
        "X-Azure-Ref": "0pMFwZQAAAACwouU\u002BRSRjS4JsCQRcoL58V1NURURHRTA4MTQAOWZjN2I1MTktYThjYy00Zjg5LTkzNWUtYzkxNDhhZTA5ZTgx",
        "X-Cache": "CONFIG_NOCACHE",
        "X-Processing-Time": "203ms"
      },
      "ResponseBody": {
        "operationType": "updatePhoneNumberCapabilities",
        "status": "running",
        "resourceLocation": "/phoneNumbers/\u002B14155550100?api-version=2023-05-01-preview",
        "createdDateTime": "2023-12-06T18:46:59.6066841\u002B00:00",
        "id": "capabilities_sanitized",
        "lastActionDateTime": "0001-01-01T00:00:00\u002B00:00"
      }
    },
    {
      "RequestUri": "https://endpoint/phoneNumbers/operations/capabilities_sanitized?api-version=2023-05-01-preview",
      "RequestMethod": "GET",
      "RequestHeaders": {
        "Accept": "application/json",
        "Accept-Encoding": "gzip,deflate",
        "Authorization": "Sanitized",
        "Connection": "keep-alive",
        "Content-Type": "application/merge-patch\u002Bjson",
        "User-Agent": "azsdk-js-communication-phone-numbers/1.2.1 core-rest-pipeline/1.12.3 Node/v18.18.1 OS/(x64-Windows_NT-10.0.22621)",
        "x-ms-client-request-id": "sanitized",
        "x-ms-content-sha256": "47DEQpj8HBSa\u002B/TImW\u002B5JCeuQeRkm5NMpJWZG3hSuFU=",
        "x-ms-date": "Wed, 06 Dec 2023 18:47:02 GMT"
      },
      "RequestBody": null,
      "StatusCode": 200,
      "ResponseHeaders": {
        "Access-Control-Expose-Headers": "Location",
        "api-supported-versions": "2021-03-07, 2022-01-11-preview2, 2022-06-01-preview, 2022-11-15-preview, 2022-12-01, 2022-12-02-preview2, 2023-05-01-preview, 2023-10-01-preview, 2024-01-31-preview",
        "Content-Type": "application/json; charset=utf-8",
        "Date": "Wed, 06 Dec 2023 18:47:02 GMT",
        "Location": "/phoneNumbers/\u002B14155550100?api-version=2023-05-01-preview",
        "MS-CV": "xBaYV\u002BQrzEmQMtx5WQXHxA.0",
        "Strict-Transport-Security": "max-age=2592000",
        "Transfer-Encoding": "chunked",
        "X-Azure-Ref": "0psFwZQAAAAC\u002BEiHyB1lTRpuD\u002BGq4kpsyV1NURURHRTA4MTQAOWZjN2I1MTktYThjYy00Zjg5LTkzNWUtYzkxNDhhZTA5ZTgx",
        "X-Cache": "CONFIG_NOCACHE",
        "X-Processing-Time": "212ms"
      },
      "ResponseBody": {
        "operationType": "updatePhoneNumberCapabilities",
        "status": "running",
        "resourceLocation": "/phoneNumbers/\u002B14155550100?api-version=2023-05-01-preview",
        "createdDateTime": "2023-12-06T18:46:59.6066841\u002B00:00",
        "id": "capabilities_sanitized",
        "lastActionDateTime": "0001-01-01T00:00:00\u002B00:00"
      }
    },
    {
      "RequestUri": "https://endpoint/phoneNumbers/operations/capabilities_sanitized?api-version=2023-05-01-preview",
      "RequestMethod": "GET",
      "RequestHeaders": {
        "Accept": "application/json",
        "Accept-Encoding": "gzip,deflate",
        "Authorization": "Sanitized",
        "Connection": "keep-alive",
        "Content-Type": "application/merge-patch\u002Bjson",
        "User-Agent": "azsdk-js-communication-phone-numbers/1.2.1 core-rest-pipeline/1.12.3 Node/v18.18.1 OS/(x64-Windows_NT-10.0.22621)",
        "x-ms-client-request-id": "sanitized",
        "x-ms-content-sha256": "47DEQpj8HBSa\u002B/TImW\u002B5JCeuQeRkm5NMpJWZG3hSuFU=",
        "x-ms-date": "Wed, 06 Dec 2023 18:47:04 GMT"
      },
      "RequestBody": null,
      "StatusCode": 200,
      "ResponseHeaders": {
        "Access-Control-Expose-Headers": "Location",
        "api-supported-versions": "2021-03-07, 2022-01-11-preview2, 2022-06-01-preview, 2022-11-15-preview, 2022-12-01, 2022-12-02-preview2, 2023-05-01-preview, 2023-10-01-preview, 2024-01-31-preview",
        "Content-Type": "application/json; charset=utf-8",
        "Date": "Wed, 06 Dec 2023 18:47:04 GMT",
        "Location": "/phoneNumbers/\u002B14155550100?api-version=2023-05-01-preview",
        "MS-CV": "KZdvA2Yw/0uqySSt4xnbPw.0",
        "Strict-Transport-Security": "max-age=2592000",
        "Transfer-Encoding": "chunked",
        "X-Azure-Ref": "0qMFwZQAAAACRizbaJx2RS4QQFsKmP4osV1NURURHRTA4MTQAOWZjN2I1MTktYThjYy00Zjg5LTkzNWUtYzkxNDhhZTA5ZTgx",
        "X-Cache": "CONFIG_NOCACHE",
        "X-Processing-Time": "224ms"
      },
      "ResponseBody": {
        "operationType": "updatePhoneNumberCapabilities",
        "status": "succeeded",
        "resourceLocation": "/phoneNumbers/\u002B14155550100?api-version=2023-05-01-preview",
        "createdDateTime": "2023-12-06T18:46:59.6066841\u002B00:00",
        "id": "capabilities_sanitized",
        "lastActionDateTime": "0001-01-01T00:00:00\u002B00:00"
      }
    },
    {
      "RequestUri": "https://endpoint/phoneNumbers/\u002B14155550100?api-version=2023-05-01-preview",
      "RequestMethod": "GET",
      "RequestHeaders": {
        "Accept": "application/json",
        "Accept-Encoding": "gzip,deflate",
        "Authorization": "Sanitized",
        "Connection": "keep-alive",
        "Content-Type": "application/merge-patch\u002Bjson",
        "User-Agent": "azsdk-js-communication-phone-numbers/1.2.1 core-rest-pipeline/1.12.3 Node/v18.18.1 OS/(x64-Windows_NT-10.0.22621)",
        "x-ms-client-request-id": "sanitized",
        "x-ms-content-sha256": "47DEQpj8HBSa\u002B/TImW\u002B5JCeuQeRkm5NMpJWZG3hSuFU=",
        "x-ms-date": "Wed, 06 Dec 2023 18:47:05 GMT"
      },
      "RequestBody": null,
      "StatusCode": 200,
      "ResponseHeaders": {
        "api-supported-versions": "2021-03-07, 2022-01-11-preview2, 2022-06-01-preview, 2022-12-01, 2022-12-02-preview2, 2023-05-01-preview, 2023-10-01-preview, 2024-01-31-preview",
        "Content-Length": "302",
        "Content-Type": "application/json; charset=utf-8",
        "Date": "Wed, 06 Dec 2023 18:47:06 GMT",
        "MS-CV": "XMSGBrG2Y0KdbPkh4GsK1Q.0",
        "Strict-Transport-Security": "max-age=2592000",
        "X-Azure-Ref": "0qcFwZQAAAAAqzWaPrXQDTYnFXi4j6vcQV1NURURHRTA4MTQAOWZjN2I1MTktYThjYy00Zjg5LTkzNWUtYzkxNDhhZTA5ZTgx",
        "X-Cache": "CONFIG_NOCACHE",
        "X-Processing-Time": "1419ms"
      },
      "ResponseBody": {
        "id": "14155550100",
        "phoneNumber": "\u002B14155550100",
        "countryCode": "US",
        "phoneNumberType": "tollFree",
        "capabilities": {
          "calling": "none",
          "sms": "outbound"
        },
        "assignmentType": "application",
        "purchaseDate": "2021-06-23T23:31:47.0550566\u002B00:00",
        "cost": {
          "amount": 2.0,
          "currencyCode": "USD",
          "billingFrequency": "monthly"
        }
      }
    }
  ],
  "Variables": {}
}
