{
  "Entries": [
    {
      "RequestUri": "https://ccaap-test-marc.unitedstates.communication.azure.com/routing/distributionPolicies/test-d-policy-recorded-workers?api-version=2023-11-01",
      "RequestMethod": "PATCH",
      "RequestHeaders": {
        "Accept": "application/json",
        "Accept-Encoding": "gzip,deflate",
        "Authorization": "Sanitized",
        "Connection": "keep-alive",
        "Content-Length": "157",
        "Content-Type": "application/merge-patch\u002Bjson",
        "User-Agent": "azsdk-js-communication-job-router-rest/1.0.0-beta.1 core-rest-pipeline/1.12.2 Node/v20.9.0 OS/(x64-Windows_NT-10.0.22621)",
        "x-ms-client-request-id": "c091f81f-3fa1-465c-a57c-0a44a77ad2d0",
        "x-ms-content-sha256": "iRU4FoF\u002BSHDyek4I2mTj9UxqfsCodrYA4ivTcF4xVFQ=",
        "x-ms-date": "Mon, 06 Nov 2023 00:59:20 GMT"
      },
      "RequestBody": {
        "name": "test-d-policy",
        "offerExpiresAfterSeconds": 60,
        "mode": {
          "kind": "longest-idle",
          "minConcurrentOffers": 1,
          "maxConcurrentOffers": 5,
          "bypassSelectors": false
        }
      },
      "StatusCode": 200,
      "ResponseHeaders": {
        "api-supported-versions": "2021-04-07-preview1, 2022-07-18-preview, 2023-08-25-preview, 2023-11-01",
        "Content-Type": "application/json; charset=utf-8",
        "Date": "Mon, 06 Nov 2023 00:59:17 GMT",
        "ETag": "\u0022b3035cb8-0000-0700-0000-6545772f0000\u0022",
        "Last-Modified": "Fri, 03 Nov 2023 22:41:51 GMT",
        "Request-Context": "appId=",
        "trace-id": "4510a517-0470-0279-c835-e31b023867fa",
        "Transfer-Encoding": "chunked",
        "X-Azure-Ref": "0ZjpIZQAAAAC7lOytcV95T5VoribPvl6GV1NURURHRTA4MTkAOWZjN2I1MTktYThjYy00Zjg5LTkzNWUtYzkxNDhhZTA5ZTgx",
        "X-Cache": "CONFIG_NOCACHE"
      },
      "ResponseBody": {
        "id": "test-d-policy-recorded-workers",
        "name": "test-d-policy",
        "offerExpiresAfterSeconds": 60,
        "mode": {
          "kind": "longest-idle",
          "minConcurrentOffers": 1,
          "maxConcurrentOffers": 5,
          "bypassSelectors": false
        },
        "etag": "\u0022b3035cb8-0000-0700-0000-6545772f0000\u0022"
      }
    },
    {
      "RequestUri": "https://ccaap-test-marc.unitedstates.communication.azure.com/routing/exceptionPolicies/test-e-policy-recorded-workers?api-version=2023-11-01",
      "RequestMethod": "PATCH",
      "RequestHeaders": {
        "Accept": "application/json",
        "Accept-Encoding": "gzip,deflate",
        "Authorization": "Sanitized",
        "Connection": "keep-alive",
        "Content-Length": "201",
        "Content-Type": "application/merge-patch\u002Bjson",
        "User-Agent": "azsdk-js-communication-job-router-rest/1.0.0-beta.1 core-rest-pipeline/1.12.2 Node/v20.9.0 OS/(x64-Windows_NT-10.0.22621)",
        "x-ms-client-request-id": "2d70eabe-ef7d-4dde-8f7d-77c88bab9728",
        "x-ms-content-sha256": "Cra0Om0ZqhFeDkbLieY\u002Bv\u002B7gXRaJ3OqYfEy3xRhld5Y=",
        "x-ms-date": "Mon, 06 Nov 2023 00:59:20 GMT"
      },
      "RequestBody": {
        "name": "test-e-policy",
        "exceptionRules": [
          {
            "id": "MaxWaitTimeExceededCancel",
            "actions": [
              {
                "kind": "cancel",
                "note": "wait time exceeded; cancelling"
              }
            ],
            "trigger": {
              "kind": "wait-time",
              "thresholdSeconds": 10
            }
          }
        ]
      },
      "StatusCode": 200,
      "ResponseHeaders": {
        "api-supported-versions": "2021-04-07-preview1, 2022-07-18-preview, 2023-08-25-preview, 2023-11-01",
        "Content-Type": "application/json; charset=utf-8",
        "Date": "Mon, 06 Nov 2023 00:59:17 GMT",
        "ETag": "\u00222d1bba6a-0000-0700-0000-65483a660000\u0022",
        "Last-Modified": "Mon, 06 Nov 2023 00:59:18 GMT",
        "Request-Context": "appId=",
        "trace-id": "8291712e-8ca1-1a9f-f20a-ba77202fbbd4",
        "Transfer-Encoding": "chunked",
        "X-Azure-Ref": "0ZjpIZQAAAAD9n/FmVpVyRbRz/NZ3zlPsV1NURURHRTA4MTkAOWZjN2I1MTktYThjYy00Zjg5LTkzNWUtYzkxNDhhZTA5ZTgx",
        "X-Cache": "CONFIG_NOCACHE"
      },
      "ResponseBody": {
        "id": "test-e-policy-recorded-workers",
        "name": "test-e-policy",
        "exceptionRules": [
          {
            "id": "MaxWaitTimeExceededCancel",
            "trigger": {
              "kind": "wait-time",
              "thresholdSeconds": 10
            },
            "actions": [
              {
                "kind": "cancel",
                "note": "wait time exceeded; cancelling",
                "id": "228d9749-0c4f-4ee2-944d-61c1056dbdff"
              }
            ]
          }
        ],
        "etag": "\u00222d1bba6a-0000-0700-0000-65483a660000\u0022"
      }
    },
    {
      "RequestUri": "https://ccaap-test-marc.unitedstates.communication.azure.com/routing/queues/test-a-queue-recorded-workers?api-version=2023-11-01",
      "RequestMethod": "PATCH",
      "RequestHeaders": {
        "Accept": "application/json",
        "Accept-Encoding": "gzip,deflate",
        "Authorization": "Sanitized",
        "Connection": "keep-alive",
        "Content-Length": "181",
        "Content-Type": "application/merge-patch\u002Bjson",
        "User-Agent": "azsdk-js-communication-job-router-rest/1.0.0-beta.1 core-rest-pipeline/1.12.2 Node/v20.9.0 OS/(x64-Windows_NT-10.0.22621)",
        "x-ms-client-request-id": "b8cf4ab3-7f71-42d8-b7f8-540af40e6408",
        "x-ms-content-sha256": "aTaO7w8QJi3buPGXcLIfMb4BN0kUNaNJHI2OoHl6w2I=",
        "x-ms-date": "Mon, 06 Nov 2023 00:59:20 GMT"
      },
      "RequestBody": {
        "id": "test-a-queue-recorded-workers",
        "name": "test-a-queue",
        "exceptionPolicyId": "test-e-policy-recorded-workers",
        "distributionPolicyId": "test-d-policy-recorded-workers",
        "labels": {}
      },
      "StatusCode": 200,
      "ResponseHeaders": {
        "api-supported-versions": "2021-04-07-preview1, 2022-07-18-preview, 2023-08-25-preview, 2023-11-01",
        "Content-Type": "application/json; charset=utf-8",
        "Date": "Mon, 06 Nov 2023 00:59:17 GMT",
        "ETag": "\u00225d04d399-0000-0700-0000-65483a650000\u0022",
        "Last-Modified": "Mon, 06 Nov 2023 00:59:17 GMT",
        "Request-Context": "appId=",
        "trace-id": "428007fd-711f-a072-afc7-24309f957211",
        "Transfer-Encoding": "chunked",
        "X-Azure-Ref": "0ZjpIZQAAAAAQvA1arQ1UTYRoUkMB7zwnV1NURURHRTA4MTkAOWZjN2I1MTktYThjYy00Zjg5LTkzNWUtYzkxNDhhZTA5ZTgx",
        "X-Cache": "CONFIG_NOCACHE"
      },
      "ResponseBody": {
        "id": "test-a-queue-recorded-workers",
        "name": "test-a-queue",
        "distributionPolicyId": "test-d-policy-recorded-workers",
        "labels": {
          "Id": "test-a-queue-recorded-workers"
        },
        "exceptionPolicyId": "test-e-policy-recorded-workers",
        "etag": "\u00225d04d399-0000-0700-0000-65483a650000\u0022"
      }
    },
    {
      "RequestUri": "https://ccaap-test-marc.unitedstates.communication.azure.com/routing/workers/test-worker-recorded-workers?api-version=2023-11-01",
      "RequestMethod": "GET",
      "RequestHeaders": {
        "Accept": "application/json",
        "Accept-Encoding": "gzip,deflate",
        "Authorization": "Sanitized",
        "Connection": "keep-alive",
        "User-Agent": "azsdk-js-communication-job-router-rest/1.0.0-beta.1 core-rest-pipeline/1.12.2 Node/v20.9.0 OS/(x64-Windows_NT-10.0.22621)",
        "x-ms-client-request-id": "42c494bd-14b9-4c4d-9c19-3450b86e21b9",
        "x-ms-content-sha256": "47DEQpj8HBSa\u002B/TImW\u002B5JCeuQeRkm5NMpJWZG3hSuFU=",
        "x-ms-date": "Mon, 06 Nov 2023 00:59:20 GMT"
      },
      "RequestBody": null,
      "StatusCode": 200,
      "ResponseHeaders": {
        "api-supported-versions": "2021-04-07-preview1, 2022-07-18-preview, 2023-08-25-preview, 2023-11-01",
        "Content-Type": "application/json; charset=utf-8",
        "Date": "Mon, 06 Nov 2023 00:59:17 GMT",
        "ETag": "\u002200000000-0000-0000-cb82-7e9a63dedb08\u0022",
        "Last-Modified": "Mon, 06 Nov 2023 00:59:17 GMT",
        "Request-Context": "appId=",
        "trace-id": "c304a751-f831-3a64-2cb4-7f4e1849612b",
        "Transfer-Encoding": "chunked",
        "X-Azure-Ref": "0ZjpIZQAAAABLo/khigFbTYYty2oiRDd0V1NURURHRTA4MTkAOWZjN2I1MTktYThjYy00Zjg5LTkzNWUtYzkxNDhhZTA5ZTgx",
        "X-Cache": "CONFIG_NOCACHE"
      },
      "ResponseBody": {
        "id": "test-worker-recorded-workers",
        "state": "inactive",
        "queues": [
          "test-a-queue-recorded-workers"
        ],
        "capacity": 1,
        "labels": {
          "Id": "test-worker-recorded-workers"
        },
        "tags": {},
        "channels": [
          {
            "channelId": "test-channel",
            "capacityCostPerJob": 1
          }
        ],
        "offers": [],
        "assignedJobs": [],
        "loadRatio": 0,
        "availableForOffers": false,
        "etag": "\u002200000000-0000-0000-cb82-7e9a63dedb08\u0022"
      }
    },
    {
      "RequestUri": "https://ccaap-test-marc.unitedstates.communication.azure.com/routing/distributionPolicies/test-d-policy-recorded-workers?api-version=2023-11-01",
      "RequestMethod": "DELETE",
      "RequestHeaders": {
        "Accept": "application/json",
        "Accept-Encoding": "gzip,deflate",
        "Authorization": "Sanitized",
        "Connection": "keep-alive",
        "User-Agent": "azsdk-js-communication-job-router-rest/1.0.0-beta.1 core-rest-pipeline/1.12.2 Node/v20.9.0 OS/(x64-Windows_NT-10.0.22621)",
        "x-ms-client-request-id": "dc78c0d9-b025-496b-8dd9-35decc467d7e",
        "x-ms-content-sha256": "47DEQpj8HBSa\u002B/TImW\u002B5JCeuQeRkm5NMpJWZG3hSuFU=",
        "x-ms-date": "Mon, 06 Nov 2023 00:59:20 GMT"
      },
      "RequestBody": null,
      "StatusCode": 400,
      "ResponseHeaders": {
        "api-supported-versions": "2021-04-07-preview1, 2022-07-18-preview, 2023-08-25-preview, 2023-11-01",
        "Content-Type": "application/json; charset=utf-8",
        "Date": "Mon, 06 Nov 2023 00:59:17 GMT",
        "Request-Context": "appId=",
        "trace-id": "64d8306c-d391-396f-b1cd-4ea03c0eda06",
        "Transfer-Encoding": "chunked",
        "X-Azure-Ref": "0ZjpIZQAAAACb1yku9rW8Qo/RmWGbCEh5V1NURURHRTA4MTkAOWZjN2I1MTktYThjYy00Zjg5LTkzNWUtYzkxNDhhZTA5ZTgx",
        "X-Cache": "CONFIG_NOCACHE"
      },
      "ResponseBody": {
        "communicationError": {
          "code": "BadRequest",
          "message": "One or more validation errors occurred.",
          "target": "/routing/distributionPolicies/test-d-policy-recorded-workers",
          "details": [
            {
              "code": "QueueExistsWithDistributionPolicy",
              "message": "There is a queue with this distribution policy"
            }
          ]
        }
      }
    },
    {
      "RequestUri": "https://ccaap-test-marc.unitedstates.communication.azure.com/routing/exceptionPolicies/test-e-policy-recorded-workers?api-version=2023-11-01",
      "RequestMethod": "DELETE",
      "RequestHeaders": {
        "Accept": "application/json",
        "Accept-Encoding": "gzip,deflate",
        "Authorization": "Sanitized",
        "Connection": "keep-alive",
        "User-Agent": "azsdk-js-communication-job-router-rest/1.0.0-beta.1 core-rest-pipeline/1.12.2 Node/v20.9.0 OS/(x64-Windows_NT-10.0.22621)",
        "x-ms-client-request-id": "f2a77d74-4ea2-483f-84a6-e64458b0d35c",
        "x-ms-content-sha256": "47DEQpj8HBSa\u002B/TImW\u002B5JCeuQeRkm5NMpJWZG3hSuFU=",
        "x-ms-date": "Mon, 06 Nov 2023 00:59:20 GMT"
      },
      "RequestBody": null,
      "StatusCode": 400,
      "ResponseHeaders": {
        "api-supported-versions": "2021-04-07-preview1, 2022-07-18-preview, 2023-08-25-preview, 2023-11-01",
        "Content-Type": "application/json; charset=utf-8",
        "Date": "Mon, 06 Nov 2023 00:59:17 GMT",
        "Request-Context": "appId=",
        "trace-id": "3e9a8ffc-45e1-49c1-bf0c-d2addb35effe",
        "Transfer-Encoding": "chunked",
        "X-Azure-Ref": "0ZjpIZQAAAABvkit4u0p\u002BQ6g7gNkLv9VpV1NURURHRTA4MTkAOWZjN2I1MTktYThjYy00Zjg5LTkzNWUtYzkxNDhhZTA5ZTgx",
        "X-Cache": "CONFIG_NOCACHE"
      },
      "ResponseBody": {
        "communicationError": {
          "code": "BadRequest",
          "message": "One or more validation errors occurred.",
          "target": "/routing/exceptionPolicies/test-e-policy-recorded-workers",
          "details": [
            {
              "code": "QueueExistsWithExceptionPolicy",
              "message": "There is a queue with this exception policy"
            }
          ]
        }
      }
    },
    {
      "RequestUri": "https://ccaap-test-marc.unitedstates.communication.azure.com/routing/queues/test-a-queue-recorded-workers?api-version=2023-11-01",
      "RequestMethod": "DELETE",
      "RequestHeaders": {
        "Accept": "application/json",
        "Accept-Encoding": "gzip,deflate",
        "Authorization": "Sanitized",
        "Connection": "keep-alive",
        "User-Agent": "azsdk-js-communication-job-router-rest/1.0.0-beta.1 core-rest-pipeline/1.12.2 Node/v20.9.0 OS/(x64-Windows_NT-10.0.22621)",
        "x-ms-client-request-id": "cc51981f-589c-4bcd-8a36-5341a0d44674",
        "x-ms-content-sha256": "47DEQpj8HBSa\u002B/TImW\u002B5JCeuQeRkm5NMpJWZG3hSuFU=",
        "x-ms-date": "Mon, 06 Nov 2023 00:59:20 GMT"
      },
      "RequestBody": null,
      "StatusCode": 409,
      "ResponseHeaders": {
        "api-supported-versions": "2021-04-07-preview1, 2022-07-18-preview, 2023-08-25-preview, 2023-11-01",
        "Content-Type": "application/json; charset=utf-8",
        "Date": "Mon, 06 Nov 2023 00:59:17 GMT",
        "Request-Context": "appId=",
        "trace-id": "0cf0e616-f1e4-27cd-d826-0c01ddbc30b1",
        "Transfer-Encoding": "chunked",
        "X-Azure-Ref": "0ZjpIZQAAAAClKJDy0ykfQq99usyJ8276V1NURURHRTA4MTkAOWZjN2I1MTktYThjYy00Zjg5LTkzNWUtYzkxNDhhZTA5ZTgx",
        "X-Cache": "CONFIG_NOCACHE"
      },
      "ResponseBody": {
        "communicationError": {
          "code": "Conflict",
          "message": "Validation failed: \r\n -- : There is an assigned worker to this queue",
          "target": "/routing/queues/test-a-queue-recorded-workers"
        }
      }
    }
  ],
  "Variables": {}
}
