{
  "Entries": [
    {
      "RequestUri": "https://endpoint/sip?api-version=2023-04-01-preview",
      "RequestMethod": "GET",
      "RequestHeaders": {
        "Accept": "application/json",
        "Accept-Encoding": "gzip,deflate",
        "Authorization": "Sanitized",
        "Connection": "keep-alive",
        "User-Agent": "azsdk-js-communication-phone-numbers/1.3.0-alpha.20230820.1 core-rest-pipeline/1.13.1 Node/v18.15.0 OS/(x64-Windows_NT-10.0.22631)",
        "x-ms-client-request-id": "sanitized"
      },
      "RequestBody": null,
      "StatusCode": 200,
      "ResponseHeaders": {
        "Accept-Ranges": "bytes",
        "api-supported-versions": "2023-03-01, 2023-04-01-preview",
        "Connection": "keep-alive",
        "Content-Length": "149",
        "Content-Type": "application/json; charset=utf-8",
        "Date": "Wed, 24 Jan 2024 11:15:52 GMT",
        "MS-CV": "1frl3Hofek6567DQAynLig.0",
        "Strict-Transport-Security": "max-age=2592000",
        "x-azure-ref": "20240124T111551Z-h62m52ndcp17ddh6rr8gwzsz240000000660000000006rag",
        "X-Cache": "CONFIG_NOCACHE",
        "X-Processing-Time": "244ms"
      },
      "ResponseBody": {
        "domains": {
          "nostojic.test.domain": {
            "enabled": true
          },
          "sanitized.sbc.test": {
            "enabled": true
          },
          "testdomain.com": {
            "enabled": true
          }
        },
        "trunks": {},
        "routes": []
      }
    },
    {
      "RequestUri": "https://endpoint/sip?api-version=2023-04-01-preview",
      "RequestMethod": "PATCH",
      "RequestHeaders": {
        "Accept": "application/json",
        "Accept-Encoding": "gzip,deflate",
        "Authorization": "Sanitized",
        "Connection": "keep-alive",
        "Content-Length": "148",
        "Content-Type": "application/merge-patch\u002Bjson",
        "User-Agent": "azsdk-js-communication-phone-numbers/1.3.0-alpha.20230820.1 core-rest-pipeline/1.13.1 Node/v18.15.0 OS/(x64-Windows_NT-10.0.22631)",
        "x-ms-client-request-id": "sanitized"
      },
      "RequestBody": {
        "trunks": {
          "test1.sanitized.sbc.test": {
            "sipSignalingPort": 8239,
            "enabled": true
          },
          "test2.sanitized.sbc.test": {
            "sipSignalingPort": 7348,
            "enabled": true
          }
        }
      },
      "StatusCode": 200,
      "ResponseHeaders": {
        "Accept-Ranges": "bytes",
        "api-supported-versions": "2023-03-01, 2023-04-01-preview",
        "Connection": "keep-alive",
        "Content-Length": "284",
        "Content-Type": "application/json; charset=utf-8",
        "Date": "Wed, 24 Jan 2024 11:15:53 GMT",
        "MS-CV": "ZQDA3dfjBECjRbnYb1hMZA.0",
        "Strict-Transport-Security": "max-age=2592000",
        "x-azure-ref": "20240124T111552Z-h62m52ndcp17ddh6rr8gwzsz240000000660000000006raw",
        "X-Cache": "CONFIG_NOCACHE",
        "X-Processing-Time": "522ms"
      },
      "ResponseBody": {
        "domains": {
          "nostojic.test.domain": {
            "enabled": true
          },
          "sanitized.sbc.test": {
            "enabled": true
          },
          "testdomain.com": {
            "enabled": true
          }
        },
        "trunks": {
          "test1.sanitized.sbc.test": {
            "sipSignalingPort": 8239,
            "enabled": true
          },
          "test2.sanitized.sbc.test": {
            "sipSignalingPort": 7348,
            "enabled": true
          }
        },
        "routes": []
      }
    },
    {
      "RequestUri": "https://endpoint/sip?api-version=2023-04-01-preview",
      "RequestMethod": "PATCH",
      "RequestHeaders": {
        "Accept": "application/json",
        "Accept-Encoding": "gzip,deflate",
        "Authorization": "Sanitized",
        "Connection": "keep-alive",
        "Content-Length": "327",
        "Content-Type": "application/merge-patch\u002Bjson",
        "User-Agent": "azsdk-js-communication-phone-numbers/1.3.0-alpha.20230820.1 core-rest-pipeline/1.13.1 Node/v18.15.0 OS/(x64-Windows_NT-10.0.22631)",
        "x-ms-client-request-id": "sanitized"
      },
      "RequestBody": {
        "routes": [
          {
            "description": "myFirstRoute\u0027s description",
            "name": "myFirstRoute",
            "numberPattern": "^\u002B[1-9][0-9]{3,23}$",
            "trunks": [
              "test1.sanitized.sbc.test",
              "test2.sanitized.sbc.test"
            ]
          },
          {
            "description": "mySecondRoute\u0027s description",
            "name": "mySecondRoute",
            "numberPattern": "^\u002B[1-9][0-9]{3,23}$",
            "trunks": [
              "test1.sanitized.sbc.test"
            ]
          }
        ]
      },
      "StatusCode": 200,
      "ResponseHeaders": {
        "Accept-Ranges": "bytes",
        "api-supported-versions": "2023-03-01, 2023-04-01-preview",
        "Connection": "keep-alive",
        "Content-Length": "598",
        "Content-Type": "application/json; charset=utf-8",
        "Date": "Wed, 24 Jan 2024 11:15:53 GMT",
        "MS-CV": "gLEr7H2emU\u002BW/I8VbtbbEQ.0",
        "Strict-Transport-Security": "max-age=2592000",
        "x-azure-ref": "20240124T111553Z-h62m52ndcp17ddh6rr8gwzsz240000000660000000006rbn",
        "X-Cache": "CONFIG_NOCACHE",
        "X-Processing-Time": "363ms"
      },
      "ResponseBody": {
        "domains": {
          "nostojic.test.domain": {
            "enabled": true
          },
          "sanitized.sbc.test": {
            "enabled": true
          },
          "testdomain.com": {
            "enabled": true
          }
        },
        "trunks": {
          "test1.sanitized.sbc.test": {
            "sipSignalingPort": 8239,
            "enabled": true
          },
          "test2.sanitized.sbc.test": {
            "sipSignalingPort": 7348,
            "enabled": true
          }
        },
        "routes": [
          {
            "description": "myFirstRoute\u0027s description",
            "name": "myFirstRoute",
            "numberPattern": "^\u002B[1-9][0-9]{3,23}$",
            "trunks": [
              "test1.sanitized.sbc.test",
              "test2.sanitized.sbc.test"
            ]
          },
          {
            "description": "mySecondRoute\u0027s description",
            "name": "mySecondRoute",
            "numberPattern": "^\u002B[1-9][0-9]{3,23}$",
            "trunks": [
              "test1.sanitized.sbc.test"
            ]
          }
        ]
      }
    },
    {
      "RequestUri": "https://endpoint/sip?api-version=2023-04-01-preview",
      "RequestMethod": "GET",
      "RequestHeaders": {
        "Accept": "application/json",
        "Accept-Encoding": "gzip,deflate",
        "Authorization": "Sanitized",
        "Connection": "keep-alive",
        "User-Agent": "azsdk-js-communication-phone-numbers/1.3.0-alpha.20230820.1 core-rest-pipeline/1.13.1 Node/v18.15.0 OS/(x64-Windows_NT-10.0.22631)",
        "x-ms-client-request-id": "sanitized"
      },
      "RequestBody": null,
      "StatusCode": 200,
      "ResponseHeaders": {
        "Accept-Ranges": "bytes",
        "api-supported-versions": "2023-03-01, 2023-04-01-preview",
        "Connection": "keep-alive",
        "Content-Length": "598",
        "Content-Type": "application/json; charset=utf-8",
        "Date": "Wed, 24 Jan 2024 11:15:53 GMT",
        "MS-CV": "TDVH3KtaSEa708rgLv4zcQ.0",
        "Strict-Transport-Security": "max-age=2592000",
        "x-azure-ref": "20240124T111553Z-h62m52ndcp17ddh6rr8gwzsz240000000660000000006rby",
        "X-Cache": "CONFIG_NOCACHE",
        "X-Processing-Time": "209ms"
      },
      "ResponseBody": {
        "domains": {
          "nostojic.test.domain": {
            "enabled": true
          },
          "sanitized.sbc.test": {
            "enabled": true
          },
          "testdomain.com": {
            "enabled": true
          }
        },
        "trunks": {
          "test1.sanitized.sbc.test": {
            "sipSignalingPort": 8239,
            "enabled": true
          },
          "test2.sanitized.sbc.test": {
            "sipSignalingPort": 7348,
            "enabled": true
          }
        },
        "routes": [
          {
            "description": "myFirstRoute\u0027s description",
            "name": "myFirstRoute",
            "numberPattern": "^\u002B[1-9][0-9]{3,23}$",
            "trunks": [
              "test1.sanitized.sbc.test",
              "test2.sanitized.sbc.test"
            ]
          },
          {
            "description": "mySecondRoute\u0027s description",
            "name": "mySecondRoute",
            "numberPattern": "^\u002B[1-9][0-9]{3,23}$",
            "trunks": [
              "test1.sanitized.sbc.test"
            ]
          }
        ]
      }
    },
    {
      "RequestUri": "https://endpoint/sip?api-version=2023-04-01-preview",
      "RequestMethod": "PATCH",
      "RequestHeaders": {
        "Accept": "application/json",
        "Accept-Encoding": "gzip,deflate",
        "Authorization": "Sanitized",
        "Connection": "keep-alive",
        "Content-Length": "112",
        "Content-Type": "application/merge-patch\u002Bjson",
        "User-Agent": "azsdk-js-communication-phone-numbers/1.3.0-alpha.20230820.1 core-rest-pipeline/1.13.1 Node/v18.15.0 OS/(x64-Windows_NT-10.0.22631)",
        "x-ms-client-request-id": "sanitized"
      },
      "RequestBody": {
        "trunks": {
          "test1.sanitized.sbc.test": {
            "sipSignalingPort": 1234,
            "enabled": true
          },
          "test2.sanitized.sbc.test": null
        }
      },
      "StatusCode": 422,
      "ResponseHeaders": {
        "api-supported-versions": "2023-03-01, 2023-04-01-preview",
        "Connection": "keep-alive",
        "Content-Type": "application/json",
        "Date": "Wed, 24 Jan 2024 11:15:54 GMT",
        "MS-CV": "rZRx1lJE3U6vf0sjYpHhKQ.0",
        "Strict-Transport-Security": "max-age=2592000",
        "Transfer-Encoding": "chunked",
        "x-azure-ref": "20240124T111553Z-h62m52ndcp17ddh6rr8gwzsz240000000660000000006rc6",
        "X-Cache": "CONFIG_NOCACHE",
        "X-Processing-Time": "964ms"
      },
      "ResponseBody": {
        "error": {
          "code": "UnprocessableConfiguration",
          "message": "One or more request inputs are not valid.",
          "innererror": {
            "code": "MissingTrunk",
            "message": "Route targeting a missing trunk."
          }
        }
      }
    },
    {
      "RequestUri": "https://endpoint/sip?api-version=2023-04-01-preview",
      "RequestMethod": "GET",
      "RequestHeaders": {
        "Accept": "application/json",
        "Accept-Encoding": "gzip,deflate",
        "Authorization": "Sanitized",
        "Connection": "keep-alive",
        "User-Agent": "azsdk-js-communication-phone-numbers/1.3.0-alpha.20230820.1 core-rest-pipeline/1.13.1 Node/v18.15.0 OS/(x64-Windows_NT-10.0.22631)",
        "x-ms-client-request-id": "sanitized"
      },
      "RequestBody": null,
      "StatusCode": 200,
      "ResponseHeaders": {
        "Accept-Ranges": "bytes",
        "api-supported-versions": "2023-03-01, 2023-04-01-preview",
        "Connection": "keep-alive",
        "Content-Length": "598",
        "Content-Type": "application/json; charset=utf-8",
        "Date": "Wed, 24 Jan 2024 11:15:55 GMT",
        "MS-CV": "XKI/ghyy00SZyg/Na4o5/Q.0",
        "Strict-Transport-Security": "max-age=2592000",
        "x-azure-ref": "20240124T111554Z-h62m52ndcp17ddh6rr8gwzsz240000000660000000006rcz",
        "X-Cache": "CONFIG_NOCACHE",
        "X-Processing-Time": "214ms"
      },
      "ResponseBody": {
        "domains": {
          "nostojic.test.domain": {
            "enabled": true
          },
          "sanitized.sbc.test": {
            "enabled": true
          },
          "testdomain.com": {
            "enabled": true
          }
        },
        "trunks": {
          "test1.sanitized.sbc.test": {
            "sipSignalingPort": 8239,
            "enabled": true
          },
          "test2.sanitized.sbc.test": {
            "sipSignalingPort": 7348,
            "enabled": true
          }
        },
        "routes": [
          {
            "description": "myFirstRoute\u0027s description",
            "name": "myFirstRoute",
            "numberPattern": "^\u002B[1-9][0-9]{3,23}$",
            "trunks": [
              "test1.sanitized.sbc.test",
              "test2.sanitized.sbc.test"
            ]
          },
          {
            "description": "mySecondRoute\u0027s description",
            "name": "mySecondRoute",
            "numberPattern": "^\u002B[1-9][0-9]{3,23}$",
            "trunks": [
              "test1.sanitized.sbc.test"
            ]
          }
        ]
      }
    }
  ],
  "Variables": {
    "fqdn-1": "test1.sanitized.sbc.test",
    "fqdn-2": "test2.sanitized.sbc.test"
  }
}
