{
  "Entries": [
    {
      "RequestUri": "https://endpoint/sip?api-version=2023-04-01-preview",
      "RequestMethod": "GET",
      "RequestHeaders": {
        "Accept": "application/json",
        "Accept-Encoding": "gzip,deflate",
        "Authorization": "Sanitized",
        "Connection": "keep-alive",
        "User-Agent": "azsdk-js-communication-phone-numbers/1.3.0-alpha.20230820.1 core-rest-pipeline/1.13.1 Node/v18.15.0 OS/(x64-Windows_NT-10.0.22631)",
        "x-ms-client-request-id": "sanitized"
      },
      "RequestBody": null,
      "StatusCode": 200,
      "ResponseHeaders": {
        "Accept-Ranges": "bytes",
        "api-supported-versions": "2023-03-01, 2023-04-01-preview",
        "Connection": "keep-alive",
        "Content-Length": "149",
        "Content-Type": "application/json; charset=utf-8",
        "Date": "Wed, 24 Jan 2024 11:14:51 GMT",
        "MS-CV": "zkmrqOa3zkil1QeXpUVz5A.0",
        "Strict-Transport-Security": "max-age=2592000",
        "x-azure-ref": "20240124T111450Z-6205fv69690cx6pe0dzdzyue2800000006d0000000000csn",
        "X-Cache": "CONFIG_NOCACHE",
        "X-Processing-Time": "212ms"
      },
      "ResponseBody": {
        "domains": {
          "nostojic.test.domain": {
            "enabled": true
          },
          "sanitized.sbc.test": {
            "enabled": true
          },
          "testdomain.com": {
            "enabled": true
          }
        },
        "trunks": {},
        "routes": []
      }
    },
    {
      "RequestUri": "https://endpoint/sip?api-version=2023-04-01-preview",
      "RequestMethod": "PATCH",
      "RequestHeaders": {
        "Accept": "application/json",
        "Accept-Encoding": "gzip,deflate",
        "Authorization": "Sanitized",
        "Connection": "keep-alive",
        "Content-Length": "148",
        "Content-Type": "application/merge-patch\u002Bjson",
        "User-Agent": "azsdk-js-communication-phone-numbers/1.3.0-alpha.20230820.1 core-rest-pipeline/1.13.1 Node/v18.15.0 OS/(x64-Windows_NT-10.0.22631)",
        "x-ms-client-request-id": "sanitized"
      },
      "RequestBody": {
        "trunks": {
          "test1.sanitized.sbc.test": {
            "sipSignalingPort": 6001,
            "enabled": true
          },
          "test2.sanitized.sbc.test": {
            "sipSignalingPort": 6002,
            "enabled": true
          }
        }
      },
      "StatusCode": 200,
      "ResponseHeaders": {
        "Accept-Ranges": "bytes",
        "api-supported-versions": "2023-03-01, 2023-04-01-preview",
        "Connection": "keep-alive",
        "Content-Length": "284",
        "Content-Type": "application/json; charset=utf-8",
        "Date": "Wed, 24 Jan 2024 11:14:51 GMT",
        "MS-CV": "IRrrIccGhU\u002BseE9Khp9Ciw.0",
        "Strict-Transport-Security": "max-age=2592000",
        "x-azure-ref": "20240124T111451Z-6205fv69690cx6pe0dzdzyue2800000006d0000000000csu",
        "X-Cache": "CONFIG_NOCACHE",
        "X-Processing-Time": "657ms"
      },
      "ResponseBody": {
        "domains": {
          "nostojic.test.domain": {
            "enabled": true
          },
          "sanitized.sbc.test": {
            "enabled": true
          },
          "testdomain.com": {
            "enabled": true
          }
        },
        "trunks": {
          "test1.sanitized.sbc.test": {
            "sipSignalingPort": 6001,
            "enabled": true
          },
          "test2.sanitized.sbc.test": {
            "sipSignalingPort": 6002,
            "enabled": true
          }
        },
        "routes": []
      }
    },
    {
      "RequestUri": "https://endpoint/sip?api-version=2023-04-01-preview",
      "RequestMethod": "PATCH",
      "RequestHeaders": {
        "Accept": "application/json",
        "Accept-Encoding": "gzip,deflate",
        "Authorization": "Sanitized",
        "Connection": "keep-alive",
        "Content-Length": "246",
        "Content-Type": "application/merge-patch\u002Bjson",
        "User-Agent": "azsdk-js-communication-phone-numbers/1.3.0-alpha.20230820.1 core-rest-pipeline/1.13.1 Node/v18.15.0 OS/(x64-Windows_NT-10.0.22631)",
        "x-ms-client-request-id": "sanitized"
      },
      "RequestBody": {
        "routes": [
          {
            "description": "us route",
            "name": "Us route",
            "numberPattern": "^\\\u002B1(\\d{10})$",
            "trunks": [
              "test1.sanitized.sbc.test"
            ]
          },
          {
            "description": "nz route",
            "name": "Nz route",
            "numberPattern": "^\\\u002B6(\\d{10})$",
            "trunks": [
              "test2.sanitized.sbc.test"
            ]
          }
        ]
      },
      "StatusCode": 200,
      "ResponseHeaders": {
        "Accept-Ranges": "bytes",
        "api-supported-versions": "2023-03-01, 2023-04-01-preview",
        "Connection": "keep-alive",
        "Content-Length": "517",
        "Content-Type": "application/json; charset=utf-8",
        "Date": "Wed, 24 Jan 2024 11:14:52 GMT",
        "MS-CV": "MeSqox9elUquM3Ffsz1ONg.0",
        "Strict-Transport-Security": "max-age=2592000",
        "x-azure-ref": "20240124T111451Z-6205fv69690cx6pe0dzdzyue2800000006d0000000000ct8",
        "X-Cache": "CONFIG_NOCACHE",
        "X-Processing-Time": "388ms"
      },
      "ResponseBody": {
        "domains": {
          "nostojic.test.domain": {
            "enabled": true
          },
          "sanitized.sbc.test": {
            "enabled": true
          },
          "testdomain.com": {
            "enabled": true
          }
        },
        "trunks": {
          "test1.sanitized.sbc.test": {
            "sipSignalingPort": 6001,
            "enabled": true
          },
          "test2.sanitized.sbc.test": {
            "sipSignalingPort": 6002,
            "enabled": true
          }
        },
        "routes": [
          {
            "description": "us route",
            "name": "Us route",
            "numberPattern": "^\\\u002B1(\\d{10})$",
            "trunks": [
              "test1.sanitized.sbc.test"
            ]
          },
          {
            "description": "nz route",
            "name": "Nz route",
            "numberPattern": "^\\\u002B6(\\d{10})$",
            "trunks": [
              "test2.sanitized.sbc.test"
            ]
          }
        ]
      }
    },
    {
      "RequestUri": "https://endpoint/sip?api-version=2023-04-01-preview",
      "RequestMethod": "GET",
      "RequestHeaders": {
        "Accept": "application/json",
        "Accept-Encoding": "gzip,deflate",
        "Authorization": "Sanitized",
        "Connection": "keep-alive",
        "User-Agent": "azsdk-js-communication-phone-numbers/1.3.0-alpha.20230820.1 core-rest-pipeline/1.13.1 Node/v18.15.0 OS/(x64-Windows_NT-10.0.22631)",
        "x-ms-client-request-id": "sanitized"
      },
      "RequestBody": null,
      "StatusCode": 200,
      "ResponseHeaders": {
        "Accept-Ranges": "bytes",
        "api-supported-versions": "2023-03-01, 2023-04-01-preview",
        "Connection": "keep-alive",
        "Content-Length": "517",
        "Content-Type": "application/json; charset=utf-8",
        "Date": "Wed, 24 Jan 2024 11:14:52 GMT",
        "MS-CV": "81\u002BbCn5XeEyGaqs0HvnAsQ.0",
        "Strict-Transport-Security": "max-age=2592000",
        "x-azure-ref": "20240124T111452Z-6205fv69690cx6pe0dzdzyue2800000006d0000000000ctd",
        "X-Cache": "CONFIG_NOCACHE",
        "X-Processing-Time": "235ms"
      },
      "ResponseBody": {
        "domains": {
          "nostojic.test.domain": {
            "enabled": true
          },
          "sanitized.sbc.test": {
            "enabled": true
          },
          "testdomain.com": {
            "enabled": true
          }
        },
        "trunks": {
          "test1.sanitized.sbc.test": {
            "sipSignalingPort": 6001,
            "enabled": true
          },
          "test2.sanitized.sbc.test": {
            "sipSignalingPort": 6002,
            "enabled": true
          }
        },
        "routes": [
          {
            "description": "us route",
            "name": "Us route",
            "numberPattern": "^\\\u002B1(\\d{10})$",
            "trunks": [
              "test1.sanitized.sbc.test"
            ]
          },
          {
            "description": "nz route",
            "name": "Nz route",
            "numberPattern": "^\\\u002B6(\\d{10})$",
            "trunks": [
              "test2.sanitized.sbc.test"
            ]
          }
        ]
      }
    },
    {
      "RequestUri": "https://endpoint/sip:testRoutesWithNumber?api-version=2023-04-01-preview\u0026targetPhoneNumber=%2B72345678901",
      "RequestMethod": "POST",
      "RequestHeaders": {
        "Accept": "application/json",
        "Accept-Encoding": "gzip,deflate",
        "Authorization": "Sanitized",
        "Connection": "keep-alive",
        "Content-Length": "517",
        "Content-Type": "application/json",
        "User-Agent": "azsdk-js-communication-phone-numbers/1.3.0-alpha.20230820.1 core-rest-pipeline/1.13.1 Node/v18.15.0 OS/(x64-Windows_NT-10.0.22631)",
        "x-ms-client-request-id": "sanitized"
      },
      "RequestBody": {
        "domains": {
          "nostojic.test.domain": {
            "enabled": true
          },
          "sanitized.sbc.test": {
            "enabled": true
          },
          "testdomain.com": {
            "enabled": true
          }
        },
        "trunks": {
          "test1.sanitized.sbc.test": {
            "sipSignalingPort": 6001,
            "enabled": true
          },
          "test2.sanitized.sbc.test": {
            "sipSignalingPort": 6002,
            "enabled": true
          }
        },
        "routes": [
          {
            "description": "us route",
            "name": "Us route",
            "numberPattern": "^\\\u002B1(\\d{10})$",
            "trunks": [
              "test1.sanitized.sbc.test"
            ]
          },
          {
            "description": "nz route",
            "name": "Nz route",
            "numberPattern": "^\\\u002B6(\\d{10})$",
            "trunks": [
              "test2.sanitized.sbc.test"
            ]
          }
        ]
      },
      "StatusCode": 200,
      "ResponseHeaders": {
        "Accept-Ranges": "bytes",
        "api-supported-versions": "2023-04-01-preview",
        "Connection": "keep-alive",
        "Content-Length": "21",
        "Content-Type": "application/json; charset=utf-8",
        "Date": "Wed, 24 Jan 2024 11:14:52 GMT",
        "MS-CV": "2YJ6vEIOxUaGmkTo8GrtKw.0",
        "Strict-Transport-Security": "max-age=2592000",
        "x-azure-ref": "20240124T111452Z-6205fv69690cx6pe0dzdzyue2800000006d0000000000ctp",
        "X-Cache": "CONFIG_NOCACHE",
        "X-Processing-Time": "7ms"
      },
      "ResponseBody": {
        "matchingRoutes": []
      }
    }
  ],
  "Variables": {
    "fqdn-1": "test1.sanitized.sbc.test",
    "fqdn-2": "test2.sanitized.sbc.test"
  }
}
