{
  "Entries": [
    {
      "RequestUri": "https://endpoint/sip?api-version=2023-04-01-preview",
      "RequestMethod": "GET",
      "RequestHeaders": {
        "Accept": "application/json",
        "Accept-Encoding": "gzip, deflate, br",
        "Accept-Language": "en-US",
        "Authorization": "Sanitized",
        "Connection": "keep-alive",
        "Referer": "http://localhost:9876/",
        "sec-ch-ua": "",
        "sec-ch-ua-mobile": "?0",
        "sec-ch-ua-platform": "\u0022\u0022",
        "Sec-Fetch-Dest": "empty",
        "Sec-Fetch-Mode": "cors",
        "Sec-Fetch-Site": "same-site",
        "User-Agent": "Mozilla/5.0 (Windows NT 10.0; Win64; x64) AppleWebKit/537.36 (KHTML, like Gecko) HeadlessChrome/112.0.5614.0 Safari/537.36",
        "x-ms-client-request-id": "sanitized",
        "x-ms-content-sha256": "47DEQpj8HBSa\u002B/TImW\u002B5JCeuQeRkm5NMpJWZG3hSuFU=",
        "x-ms-date": "Wed, 24 Jan 2024 11:21:02 GMT",
        "x-ms-useragent": "azsdk-js-communication-phone-numbers/1.3.0-alpha.20230820.1 core-rest-pipeline/1.13.1 OS"
      },
      "RequestBody": null,
      "StatusCode": 200,
      "ResponseHeaders": {
        "api-supported-versions": "2023-03-01, 2023-04-01-preview",
        "Content-Length": "149",
        "Content-Type": "application/json; charset=utf-8",
        "Date": "Wed, 24 Jan 2024 11:21:02 GMT",
        "MS-CV": "f7GYPsAMXk2\u002ByYH\u002B3r0gcA.0",
        "Strict-Transport-Security": "max-age=2592000",
        "X-Azure-Ref": "0nvKwZQAAAADZN95kHCb/QYbME2ci1Yq5RlJBMjMxMDUwNDE4MDE3ADlmYzdiNTE5LWE4Y2MtNGY4OS05MzVlLWM5MTQ4YWUwOWU4MQ==",
        "X-Cache": "CONFIG_NOCACHE",
        "X-Processing-Time": "231ms"
      },
      "ResponseBody": {
        "domains": {
          "nostojic.test.domain": {
            "enabled": true
          },
          "sanitized.sbc.test": {
            "enabled": true
          },
          "testdomain.com": {
            "enabled": true
          }
        },
        "trunks": {},
        "routes": []
      }
    },
    {
      "RequestUri": "https://endpoint/sip?api-version=2023-04-01-preview",
      "RequestMethod": "PATCH",
      "RequestHeaders": {
        "Accept": "application/json",
        "Accept-Encoding": "gzip, deflate, br",
        "Accept-Language": "en-US",
        "Authorization": "Sanitized",
        "Connection": "keep-alive",
        "Content-Length": "148",
        "Content-Type": "application/merge-patch\u002Bjson",
        "Referer": "http://localhost:9876/",
        "sec-ch-ua": "",
        "sec-ch-ua-mobile": "?0",
        "sec-ch-ua-platform": "\u0022\u0022",
        "Sec-Fetch-Dest": "empty",
        "Sec-Fetch-Mode": "cors",
        "Sec-Fetch-Site": "same-site",
        "User-Agent": "Mozilla/5.0 (Windows NT 10.0; Win64; x64) AppleWebKit/537.36 (KHTML, like Gecko) HeadlessChrome/112.0.5614.0 Safari/537.36",
        "x-ms-client-request-id": "sanitized",
        "x-ms-content-sha256": "Wi8PaefxPTaIzcIHDxvIk9fGhyyyc1SuutjDOpL6OJI=",
        "x-ms-date": "Wed, 24 Jan 2024 11:21:02 GMT",
        "x-ms-useragent": "azsdk-js-communication-phone-numbers/1.3.0-alpha.20230820.1 core-rest-pipeline/1.13.1 OS"
      },
      "RequestBody": {
        "trunks": {
          "test1.sanitized.sbc.test": {
            "sipSignalingPort": 8239,
            "enabled": true
          },
          "test2.sanitized.sbc.test": {
            "sipSignalingPort": 7348,
            "enabled": true
          }
        }
      },
      "StatusCode": 200,
      "ResponseHeaders": {
        "api-supported-versions": "2023-03-01, 2023-04-01-preview",
        "Content-Length": "284",
        "Content-Type": "application/json; charset=utf-8",
        "Date": "Wed, 24 Jan 2024 11:21:03 GMT",
        "MS-CV": "PIQr4yZDxke4r2hml4lWlg.0",
        "Strict-Transport-Security": "max-age=2592000",
        "X-Azure-Ref": "0nvKwZQAAAAAcGRXQH6L4TI\u002Bz8fOaWxLFRlJBMjMxMDUwNDE4MDE3ADlmYzdiNTE5LWE4Y2MtNGY4OS05MzVlLWM5MTQ4YWUwOWU4MQ==",
        "X-Cache": "CONFIG_NOCACHE",
        "X-Processing-Time": "854ms"
      },
      "ResponseBody": {
        "domains": {
          "nostojic.test.domain": {
            "enabled": true
          },
          "sanitized.sbc.test": {
            "enabled": true
          },
          "testdomain.com": {
            "enabled": true
          }
        },
        "trunks": {
          "test1.sanitized.sbc.test": {
            "sipSignalingPort": 8239,
            "enabled": true
          },
          "test2.sanitized.sbc.test": {
            "sipSignalingPort": 7348,
            "enabled": true
          }
        },
        "routes": []
      }
    },
    {
      "RequestUri": "https://endpoint/sip?api-version=2023-04-01-preview",
      "RequestMethod": "PATCH",
      "RequestHeaders": {
        "Accept": "application/json",
        "Accept-Encoding": "gzip, deflate, br",
        "Accept-Language": "en-US",
        "Authorization": "Sanitized",
        "Connection": "keep-alive",
        "Content-Length": "327",
        "Content-Type": "application/merge-patch\u002Bjson",
        "Referer": "http://localhost:9876/",
        "sec-ch-ua": "",
        "sec-ch-ua-mobile": "?0",
        "sec-ch-ua-platform": "\u0022\u0022",
        "Sec-Fetch-Dest": "empty",
        "Sec-Fetch-Mode": "cors",
        "Sec-Fetch-Site": "same-site",
        "User-Agent": "Mozilla/5.0 (Windows NT 10.0; Win64; x64) AppleWebKit/537.36 (KHTML, like Gecko) HeadlessChrome/112.0.5614.0 Safari/537.36",
        "x-ms-client-request-id": "sanitized",
        "x-ms-content-sha256": "eUzs11V/Q0Nm460f9gCFBP1pptBkyLwv5fxyI8uRFeQ=",
        "x-ms-date": "Wed, 24 Jan 2024 11:21:03 GMT",
        "x-ms-useragent": "azsdk-js-communication-phone-numbers/1.3.0-alpha.20230820.1 core-rest-pipeline/1.13.1 OS"
      },
      "RequestBody": {
        "routes": [
          {
            "description": "myFirstRoute\u0027s description",
            "name": "myFirstRoute",
            "numberPattern": "^\u002B[1-9][0-9]{3,23}$",
            "trunks": [
              "test1.sanitized.sbc.test",
              "test2.sanitized.sbc.test"
            ]
          },
          {
            "description": "mySecondRoute\u0027s description",
            "name": "mySecondRoute",
            "numberPattern": "^\u002B[1-9][0-9]{3,23}$",
            "trunks": [
              "test1.sanitized.sbc.test"
            ]
          }
        ]
      },
      "StatusCode": 200,
      "ResponseHeaders": {
        "api-supported-versions": "2023-03-01, 2023-04-01-preview",
        "Content-Length": "598",
        "Content-Type": "application/json; charset=utf-8",
        "Date": "Wed, 24 Jan 2024 11:21:04 GMT",
        "MS-CV": "R\u002BObNyPzsEOG36Qd6aPbew.0",
        "Strict-Transport-Security": "max-age=2592000",
        "X-Azure-Ref": "0n/KwZQAAAAD3fW4QxGl5T5peHVGnG/3DRlJBMjMxMDUwNDE4MDE3ADlmYzdiNTE5LWE4Y2MtNGY4OS05MzVlLWM5MTQ4YWUwOWU4MQ==",
        "X-Cache": "CONFIG_NOCACHE",
        "X-Processing-Time": "401ms"
      },
      "ResponseBody": {
        "domains": {
          "nostojic.test.domain": {
            "enabled": true
          },
          "sanitized.sbc.test": {
            "enabled": true
          },
          "testdomain.com": {
            "enabled": true
          }
        },
        "trunks": {
          "test1.sanitized.sbc.test": {
            "sipSignalingPort": 8239,
            "enabled": true
          },
          "test2.sanitized.sbc.test": {
            "sipSignalingPort": 7348,
            "enabled": true
          }
        },
        "routes": [
          {
            "description": "myFirstRoute\u0027s description",
            "name": "myFirstRoute",
            "numberPattern": "^\u002B[1-9][0-9]{3,23}$",
            "trunks": [
              "test1.sanitized.sbc.test",
              "test2.sanitized.sbc.test"
            ]
          },
          {
            "description": "mySecondRoute\u0027s description",
            "name": "mySecondRoute",
            "numberPattern": "^\u002B[1-9][0-9]{3,23}$",
            "trunks": [
              "test1.sanitized.sbc.test"
            ]
          }
        ]
      }
    },
    {
      "RequestUri": "https://endpoint/sip?api-version=2023-04-01-preview",
      "RequestMethod": "GET",
      "RequestHeaders": {
        "Accept": "application/json",
        "Accept-Encoding": "gzip, deflate, br",
        "Accept-Language": "en-US",
        "Authorization": "Sanitized",
        "Connection": "keep-alive",
        "Referer": "http://localhost:9876/",
        "sec-ch-ua": "",
        "sec-ch-ua-mobile": "?0",
        "sec-ch-ua-platform": "\u0022\u0022",
        "Sec-Fetch-Dest": "empty",
        "Sec-Fetch-Mode": "cors",
        "Sec-Fetch-Site": "same-site",
        "User-Agent": "Mozilla/5.0 (Windows NT 10.0; Win64; x64) AppleWebKit/537.36 (KHTML, like Gecko) HeadlessChrome/112.0.5614.0 Safari/537.36",
        "x-ms-client-request-id": "sanitized",
        "x-ms-content-sha256": "47DEQpj8HBSa\u002B/TImW\u002B5JCeuQeRkm5NMpJWZG3hSuFU=",
        "x-ms-date": "Wed, 24 Jan 2024 11:21:03 GMT",
        "x-ms-useragent": "azsdk-js-communication-phone-numbers/1.3.0-alpha.20230820.1 core-rest-pipeline/1.13.1 OS"
      },
      "RequestBody": null,
      "StatusCode": 200,
      "ResponseHeaders": {
        "api-supported-versions": "2023-03-01, 2023-04-01-preview",
        "Content-Length": "598",
        "Content-Type": "application/json; charset=utf-8",
        "Date": "Wed, 24 Jan 2024 11:21:04 GMT",
        "MS-CV": "IRu0Eo4x70yij4SkS7nMfg.0",
        "Strict-Transport-Security": "max-age=2592000",
        "X-Azure-Ref": "0oPKwZQAAAADXRLz\u002Bqf3aQLoymK9PMgkcRlJBMjMxMDUwNDE4MDE3ADlmYzdiNTE5LWE4Y2MtNGY4OS05MzVlLWM5MTQ4YWUwOWU4MQ==",
        "X-Cache": "CONFIG_NOCACHE",
        "X-Processing-Time": "236ms"
      },
      "ResponseBody": {
        "domains": {
          "nostojic.test.domain": {
            "enabled": true
          },
          "sanitized.sbc.test": {
            "enabled": true
          },
          "testdomain.com": {
            "enabled": true
          }
        },
        "trunks": {
          "test1.sanitized.sbc.test": {
            "sipSignalingPort": 8239,
            "enabled": true
          },
          "test2.sanitized.sbc.test": {
            "sipSignalingPort": 7348,
            "enabled": true
          }
        },
        "routes": [
          {
            "description": "myFirstRoute\u0027s description",
            "name": "myFirstRoute",
            "numberPattern": "^\u002B[1-9][0-9]{3,23}$",
            "trunks": [
              "test1.sanitized.sbc.test",
              "test2.sanitized.sbc.test"
            ]
          },
          {
            "description": "mySecondRoute\u0027s description",
            "name": "mySecondRoute",
            "numberPattern": "^\u002B[1-9][0-9]{3,23}$",
            "trunks": [
              "test1.sanitized.sbc.test"
            ]
          }
        ]
      }
    },
    {
      "RequestUri": "https://endpoint/sip?api-version=2023-04-01-preview",
      "RequestMethod": "PATCH",
      "RequestHeaders": {
        "Accept": "application/json",
        "Accept-Encoding": "gzip, deflate, br",
        "Accept-Language": "en-US",
        "Authorization": "Sanitized",
        "Connection": "keep-alive",
        "Content-Length": "112",
        "Content-Type": "application/merge-patch\u002Bjson",
        "Referer": "http://localhost:9876/",
        "sec-ch-ua": "",
        "sec-ch-ua-mobile": "?0",
        "sec-ch-ua-platform": "\u0022\u0022",
        "Sec-Fetch-Dest": "empty",
        "Sec-Fetch-Mode": "cors",
        "Sec-Fetch-Site": "same-site",
        "User-Agent": "Mozilla/5.0 (Windows NT 10.0; Win64; x64) AppleWebKit/537.36 (KHTML, like Gecko) HeadlessChrome/112.0.5614.0 Safari/537.36",
        "x-ms-client-request-id": "sanitized",
        "x-ms-content-sha256": "yvmOSIUK4B/g09zJZ\u002BM/AmeOMZTbtxUX0IX4qQphljE=",
        "x-ms-date": "Wed, 24 Jan 2024 11:21:04 GMT",
        "x-ms-useragent": "azsdk-js-communication-phone-numbers/1.3.0-alpha.20230820.1 core-rest-pipeline/1.13.1 OS"
      },
      "RequestBody": {
        "trunks": {
          "test1.sanitized.sbc.test": {
            "sipSignalingPort": 1234,
            "enabled": true
          },
          "test2.sanitized.sbc.test": null
        }
      },
      "StatusCode": 422,
      "ResponseHeaders": {
        "api-supported-versions": "2023-03-01, 2023-04-01-preview",
        "Content-Type": "application/json",
        "Date": "Wed, 24 Jan 2024 11:21:04 GMT",
        "MS-CV": "uDatHZ/1oES3nyin\u002BWIpsg.0",
        "Strict-Transport-Security": "max-age=2592000",
        "Transfer-Encoding": "chunked",
        "X-Azure-Ref": "0oPKwZQAAAAB2tbQeP3JJQbW08hKlH9XSRlJBMjMxMDUwNDE4MDE3ADlmYzdiNTE5LWE4Y2MtNGY4OS05MzVlLWM5MTQ4YWUwOWU4MQ==",
        "X-Cache": "CONFIG_NOCACHE",
        "X-Processing-Time": "487ms"
      },
      "ResponseBody": {
        "error": {
          "code": "UnprocessableConfiguration",
          "message": "One or more request inputs are not valid.",
          "innererror": {
            "code": "MissingTrunk",
            "message": "Route targeting a missing trunk."
          }
        }
      }
    },
    {
      "RequestUri": "https://endpoint/sip?api-version=2023-04-01-preview",
      "RequestMethod": "GET",
      "RequestHeaders": {
        "Accept": "application/json",
        "Accept-Encoding": "gzip, deflate, br",
        "Accept-Language": "en-US",
        "Authorization": "Sanitized",
        "Connection": "keep-alive",
        "Referer": "http://localhost:9876/",
        "sec-ch-ua": "",
        "sec-ch-ua-mobile": "?0",
        "sec-ch-ua-platform": "\u0022\u0022",
        "Sec-Fetch-Dest": "empty",
        "Sec-Fetch-Mode": "cors",
        "Sec-Fetch-Site": "same-site",
        "User-Agent": "Mozilla/5.0 (Windows NT 10.0; Win64; x64) AppleWebKit/537.36 (KHTML, like Gecko) HeadlessChrome/112.0.5614.0 Safari/537.36",
        "x-ms-client-request-id": "sanitized",
        "x-ms-content-sha256": "47DEQpj8HBSa\u002B/TImW\u002B5JCeuQeRkm5NMpJWZG3hSuFU=",
        "x-ms-date": "Wed, 24 Jan 2024 11:21:04 GMT",
        "x-ms-useragent": "azsdk-js-communication-phone-numbers/1.3.0-alpha.20230820.1 core-rest-pipeline/1.13.1 OS"
      },
      "RequestBody": null,
      "StatusCode": 200,
      "ResponseHeaders": {
        "api-supported-versions": "2023-03-01, 2023-04-01-preview",
        "Content-Length": "598",
        "Content-Type": "application/json; charset=utf-8",
        "Date": "Wed, 24 Jan 2024 11:21:05 GMT",
        "MS-CV": "Q6ZSL\u002BPgWkafhjC82Qka5Q.0",
        "Strict-Transport-Security": "max-age=2592000",
        "X-Azure-Ref": "0oPKwZQAAAADhkDWrh3XMQrxHTarmU/9HRlJBMjMxMDUwNDE4MDE3ADlmYzdiNTE5LWE4Y2MtNGY4OS05MzVlLWM5MTQ4YWUwOWU4MQ==",
        "X-Cache": "CONFIG_NOCACHE",
        "X-Processing-Time": "237ms"
      },
      "ResponseBody": {
        "domains": {
          "nostojic.test.domain": {
            "enabled": true
          },
          "sanitized.sbc.test": {
            "enabled": true
          },
          "testdomain.com": {
            "enabled": true
          }
        },
        "trunks": {
          "test1.sanitized.sbc.test": {
            "sipSignalingPort": 8239,
            "enabled": true
          },
          "test2.sanitized.sbc.test": {
            "sipSignalingPort": 7348,
            "enabled": true
          }
        },
        "routes": [
          {
            "description": "myFirstRoute\u0027s description",
            "name": "myFirstRoute",
            "numberPattern": "^\u002B[1-9][0-9]{3,23}$",
            "trunks": [
              "test1.sanitized.sbc.test",
              "test2.sanitized.sbc.test"
            ]
          },
          {
            "description": "mySecondRoute\u0027s description",
            "name": "mySecondRoute",
            "numberPattern": "^\u002B[1-9][0-9]{3,23}$",
            "trunks": [
              "test1.sanitized.sbc.test"
            ]
          }
        ]
      }
    }
  ],
  "Variables": {
    "fqdn-1": "test1.sanitized.sbc.test",
    "fqdn-2": "test2.sanitized.sbc.test"
  }
}
